; 大洞窟

name = 大洞窟Ｂ20
insideName = Ｂ20
upper = 大洞窟Ｂ19
lower = 大洞窟Ｂ21
level = 80
bgm = shadow
isOutdoor = true
shadow = dark
sky = black
blank = rock
outfield = soild

; 各パーツ
━ = soild_h
‥ = soild
　 = soild
毒 = poison
︻ = panel
⑴ = bulletin

; 敵情報
monsters = デーモンインプ,シャドウインプ,ナイトメア,サキュバス,見習いサキュバス

[map]
;---------------------------------------------------------------------------------------------------------------
;    0   1   2   3   4  
  ┏━━━
11┃■■■
  ┃■┏━
10┃■┃
  ┃■┃
 9┃■┃
  ┃■┃
 8┃■┃
  ┃■┃
 7┃■┃
  ┃■┃
 6┃■┃
  ┃■┃
 5┃　┃
  ┃　┃
 4┃　┃
  ┃　┗━━━━━┓
 3┃敵　毒　毒　毒┃
  ┃　　　　　　　┃
 2┃　　酸　酸　毒┃
  ┃　　　　　　　┃
 1┃　　　　　　毒┃
  ┣‥‥‥‥‥‥‥┫
 0┃							┃
  
;    0   1   2   3   4  
;---------------------------------------------------------------------------------------------------------------
[correct]

[endmap]
;-------------------------------------------------------------------------------
; マップを開いた時に必ず実行されるスクリプト
[initial]

[endinitial]
;===============================================================================
