; 大洞窟

name = 大洞窟Ｂ７
insideName = Ｂ７
upper = 大洞窟Ｂ６
lower = 大洞窟Ｂ８
level = 23
bgm = cave
margin = 1
shadow = dark
sky = black
roof = stone
blank = rock
outfield = soil

; 各パーツ
━ = soil
　 = soil
〰 = water
☖ = arch
＋ = soil
㊤ = ladderu
㊦ = ladderd
⑴ = bulletin

; 敵情報
monsters = バンパイアバット,ウンディーネ,レイス
traps = 淫魔の触手,酸スプレー,ラミアの瞳,爆弾,スモーク,下着スリ,テレポート

; 宝箱
box[1] = マジカルボートの巻物,銅のチャクラム_u,さびついた指輪_u,経験のコイン（大）,ミサイルシールドの魔法書

[map]
;---------------------------------------------------------------------------------------------------------------
;    0   1   2   3   4   5   6   7   8   9  
  ┏━━━━━━━━━━━━━━━━━┓
 9┃㊦　　〰〰〰〰〰〰〰〰〰〰〰〰〰〰┃
  ┃　　　┏━━━━━━━━━━━┓〰┗━┓
 8┃　　　┃　　　　　　　　　　㊤┃〰〰〰┃
  ┃　┏━┫　┏━┳━━━━━━━┛〰〰〰┃
 7┃　┃	┃㊦┃	┃〰〰〰〰〰〰〰〰棲〰〰┃
  ┃　┃	┣━┻━┛〰〰〰〰〰〰〰┏━┓〰┃
 6┃　┃	┃〰〰〰〰〰〰〰〰〰〰〰┃	┃〰┃
  ┃　┃	┃〰〰〰┏━┓〰〰〰┏━┛	┃〰┃
 5┃　┃	┃〰〰〰┃	┃〰〰〰┃			┃〰┃
  ┣＋┻━┛〰〰〰┗━┛〰〰〰┃			┃〰┃
 4┃〰〰〰〰〰〰〰〰〰〰〰〰〰┃			┃〰┃
  ┃〰〰〰〰〰〰〰〰〰〰〰┏━┛			┃〰┃
 3┃　〰〰〰〰〰〰〰〰〰〰┃					┃〰┃
  ┃　〰〰〰〰〰〰〰〰┏━┛			┏━┛〰┃
 2┃　〰〰〰〰〰〰〰〰┃					┃　　　┃
  ┃　〰〰〰〰〰〰〰〰┃					┃　　　┃
 1┃　　　　　　⑴　　┃					┃❶　　┃
  ┗━┓　　　　　　　┗━━━┓	┗━━━┛
 0		┃　　　　　　　　　　㊤┃
  		┗━━━━━━━━━━━┛
;    0   1   2   3   4   5   6   7   8   9  
;---------------------------------------------------------------------------------------------------------------
[correct]

[endmap]
;-------------------------------------------------------------------------------
; マップを開いた時に必ず実行されるスクリプト
[initial]

[endinitial]
;===============================================================================
;◆イベント◆

; 初期発生イベント
events = [1]

;-------------------------------------------------------------------------------
*event_1
;[exp] onObjectTrigger

@notice text="Underground river"

[eventoff]
;-------------------------------------------------------------------------------
