; 鉱山

name = 鉱山Ｂ３
insideName = Ｂ３
upper = 鉱山Ｂ２
lower = 鉱山Ｂ４
level = 44
bgm = anxiety
margin = 1
roof = stone
shadow = dark
sky = black
outfield = soil
blank = rock

; パーツ画像
━ = soil
　 = soil
／ = door
〆 = key
⧻ = fence
︻ = panel
┯ = button
㊤ = ladderu
㊦ = ladderd

; 敵情報
maxGroups = 2
monsters = バンパイアバット,デーモンインプ,シャドウインプ

; 宝箱
box[1] = 罠はない,鉱山の鍵

[map]
;---------------------------------------------------------------------------------------------------------------
;    0   1   2   3   4   5   6   7   8   9  
  ┏━━━┳━━━━━━━┳━━━━━┳━┓
 7┃　　⑦／　　　　　　　┃❶　　　　┃㊤┃
  ┃　　　┣︻━━━━┳〆┻━┓　　　┃　┃
 6┃⑦　　┃⑤　　　　┃　　　┃　　敵┃　┃
  ┣／┳━┫　　　　　┃　　　┣━┳／┛　┃
 5┃　┃㊤┃　　　　　┃　　　／　┃　　　┃
  ┃　┃　┗━━／┳／╋／┓　┃　┗━━━┫
 4┃　┃　　　　　┃①┃②┃　┃　　　　　┃
  ┃　┃　　　┏／┻／╋／┛　┃　　　　　┃
 3┃　┃　　　┃　　　┃　　　┃　　　　㊤┃
  ┃　┃　┏━┛　　　┃　　　┗━━━━━┫
 2┃　┃㊦┃　　　　　┃　　　　　　　　　┃
  ┣⧻╋┯┛　┏━━━╋━━━┳━━━━⧻┫
 1┃　⧻③　　┃　　⑥／　　　┃■■■■■┃
  ┃　┗━━━┫　　　┃　　　┃■■■■■┃
 0┃　　　　　／⑥　　┃　　　／　　　　④┃
  ┗━━━━━┻━━━┻━━━┻━━━━┷┛
;    0   1   2   3   4   5   6   7   8   9  
;---------------------------------------------------------------------------------------------------------------
[correct]

pos[5][7].s.key = o.鉱山の鍵;
pos[5][6].n.key = o.鉱山の鍵;
pos[4][4].f = %[type: "air", trap: "air"];
pos[5][4].f = %[type: "air", trap: "air", pimg: "rope1"];
pos[4][4].f.noCount = true;
pos[5][4].f.noCount = true;

[endmap]
;-------------------------------------------------------------------------------
; マップを開いた時に必ず実行されるスクリプト
[initial]

if(o.鉱山のインプ軍団.flag == 1) monsters = [m.バンパイアバット];
if(! loading) events.push2(6, 7);

[endinitial]
;===============================================================================
;◆イベント◆

; 初期発生イベント
events = [1, 2, 3, 4, 5, 6, 7]

;-------------------------------------------------------------------------------
*event_1
;[exp] onObjectTrigger

@command type=mini title="Which button will you press?" cancel=true
@select text="Ｂ１" exp='tf.result = ["鉱山Ｂ１", "鉱山Ｂ５", "up"]'
@select text="Ｂ２" exp='tf.result = ["鉱山Ｂ２", "鉱山Ｂ４", "up"]'
@select text="Ｂ４" exp='tf.result = ["鉱山Ｂ４", "鉱山Ｂ２", "down"]'
@select text="Ｂ５" exp='tf.result = ["鉱山Ｂ５", "鉱山Ｂ１", "down"]'
@select text="No" exp='tf.result = void'
[ask]
@call storage="mineb1.map" target=*change_lift cond='tf.result !== void'

[eventoff]
;-------------------------------------------------------------------------------
*event_2
;[exp] onObjectTrigger

@command type=mini title="Which button will you press?" cancel=true
@select text="Ｂ１" exp='tf.result = ["鉱山Ｂ５", "鉱山Ｂ１", "up"]'
@select text="Ｂ２" exp='tf.result = ["鉱山Ｂ４", "鉱山Ｂ２", "up"]'
@select text="Ｂ４" exp='tf.result = ["鉱山Ｂ２", "鉱山Ｂ４", "down"]'
@select text="Ｂ５" exp='tf.result = ["鉱山Ｂ１", "鉱山Ｂ５", "down"]'
@select text="No" exp='tf.result = void'
[ask]
@call storage="mineb1.map" target=*change_lift cond='tf.result !== void'

[eventoff]
;-------------------------------------------------------------------------------
*event_3
;[exp] onObjectTrigger

@se f=kacha
@wait time=800
@se f=fence
@switchfence x=0 y=1 way=n mode=open
@delevent

[eventoff]
;-------------------------------------------------------------------------------
*event_4
;[exp] onObjectTrigger

@se f=kacha
@wait time=800
@se f=fence
@switchfence x=9 y=2 way=s mode=open
@delevent

[eventoff]
;-------------------------------------------------------------------------------
*event_5
;[exp] onObjectTrigger

@notice text="The lift will be at the same height on both sides when it is moved to this floor."

[eventoff]
;------------------------------------------------------------------------------
*event_6
;[exp] true
*event_7
;[exp] true

@callbattle normal=true

[eventoff]
;-------------------------------------------------------------------------------
