;  神の山

name = 神の山３Ｆ
insideName = ３Ｆ
upper = 神の山４Ｆ
lower = 神の山２Ｆ
level = 50
bgm = forest
margin = 3
isOutdoor = true
shadow = light
sky = mistysea
effect = BE_fog
blind = fog

; 画像パーツ
━ = rockw
ᆖ = rockw
‥ = soilw
　 = soilw
❖ = soilw
﹃ = ladder

; 敵情報
maxGroups = 2
monsters = エンジェルナイト

; 宝箱
box[1] = 天使のはね_u,グランドヒールの巻物_u,青りんご,青りんご

[map]
;---------------------------------------------------------------------------------------------------------------
;    0   1   2   3   4   5   6   7   8   9  10  11  12  
  																	
12															❶　　　　
  														┏ᆖᆖᆖᆖᆖ┓
11														‖❖			❖‖
  												┏ᆖ┛					┗ᆖ┓
10											　‖❖							❖：　
  											　‖									：　
 9											　‖								❖：　　　
  											　‖									‖　　　
 8											　‖									‖　　　
  											　‖									‖　　　
 7											　‖									‖　　　
  											　‖									‖　
 6											　‖									‖　
  											　┗ᆖ┓					┏ᆖ┛　
 5											①　　‖					‖　　②
  											　　　┗ᆖᆖᆖᆖᆖ┛　
 4											　　①　　　　　　　　
  
 3
  
 2
  
 1
  
 0
  
;    0   1   2   3   4   5   6   7   8   9  10  11  12  
;---------------------------------------------------------------------------------------------------------------
[correct]

[endmap]
;-------------------------------------------------------------------------------
; マップを開いた時に必ず実行されるスクリプト
[initial]

if(! loading) events.push2(1, 2);

[endinitial]
;===============================================================================
;◆イベント◆

; 初期発生イベント
events = [1, 2]

;-------------------------------------------------------------------------------
*event_1
;[exp] true
*event_2
;[exp] true

; 必ず１つは羽衣が出る場所を設けることで永久に出ないのを防ぐ
@monster pos=1 name=エンジェルナイト
@monster pos=3 name=エンジェルナイト
@monster pos=5 name=エンジェルナイト
@callbattle gameover=true
@delevent
@eval exp='game.inEvent = false'
@eval exp='game.treasureBox.drops.add(%[itemData: o.天使のはごろも, state: -WHOLE])'
@eval exp='game.appearTreasureBox()'
@saveon
[s]

[eventoff]
;-------------------------------------------------------------------------------
