; 沼地の廃墟

name = 沼地の廃墟Ｂ１水中
insideName = B1 Underwater
upper = 沼地の廃墟Ｂ１
lower = 沼地の廃墟Ｂ２
level = 44
bgm = shrine
isOutdoor = true
underWater = true
shadow = dark
sky = water
roof = stone
blank = rock
effect = PE_water_bubble

; パーツ画像
━ = stoneg
　 = grass
❑ = cube
／ = door
﹃ = ladder

; 敵情報
monsters = 海ヘビ,アネモネ,ウンディーネ
traps = 石つぶて,毒針,毒ガス,しびれ針,酸スプレー,ラミアの瞳,スモーク,亡霊の群れ,警報

; 宝箱
box[1] = うろこの盾_u,ディバインレイの巻物,毒消しの花,聖なる手袋,金貨（小）

[map]
;---------------------------------------------------------------------------------------------------------------
;    0   1   2   3   4   5   6   7   8   9  10  
  ┏━━━┓
10┃■■■┃
  ┃■■■┃
 9┃■■■┃
  ┗━━━┛			┏━━━━━━━━━┓
 8								┃　　　　　　　　　┃
  				┏━━━┛　　　　　　　　　┗━━━┓
 7				┃　　　　　　　　❑　　　　　　　　┃
  				┃　　　　　　　　　　　　　　　　　┃
 6				┃　　　　　　　　　　　　　　　　　┃
  				┃　　　　　　　　　　　　　　　　　┃
 5				┃　　　　　　　　❑　　　　　　　　┃
  				┃　　　　　　　　　　　　　　　　　┃
 4				┃　　　　　　　　　　　　　　　　　┃
  				┃　　　　　　　　　　　　　　　　　┃
 3				┃　　　　　　　　❑　　　　　　　　┃
  				┃　　　　　　　　　　　　　　　　　┃
 2				┃　　　　　　　　　　　　　　　　　┃
  				┃　　　　　┏━━━━━┓　　　　　┃
 1				┃　　　　　┃					『　　　　　』
  				┃　　　　　┃					┃　　　　　┃
 0				┃　　　　❶┃					┃　　　　　┃
  				┗━━━━━┛					┗━━━━━┛
;    0   1   2   3   4   5   6   7   8   9  10  
;---------------------------------------------------------------------------------------------------------------
[correct]

[endmap]
;-------------------------------------------------------------------------------
; マップを開いた時に必ず実行されるスクリプト
[initial]

[endinitial]
;===============================================================================
*reset_floor

@jump storage=&'o.沼地の廃墟Ｂ１.mapFile' target=*reset_floor

[eventoff]
;-------------------------------------------------------------------------------
