; 雪原

name = フーラ雪原・山奥
insideName = Mountains
level = 30
bgm = snow
margin = 3
isOutdoor = true
shadow = light
sky = white
effect = PE_snow6

; 画像パーツ
　 = snow
⏃ = woodsww
⑵ = bulletin

; 敵情報
maxGroups = 2
monsters = ウインターコボルド,ウォーロック,ハーピーウィッチ,ゴーレム
traps = 毒針,毒ガス,しびれ針,酸スプレー,爆弾,ラミアの瞳

; 移動ポイント
(A) = map:フーラ雪原・氷の池, y:22, way:s, symbol:none, ask:Go to the next map?

; 宝箱
box[1] = 氷の牙_u,氷結の鈴_u,ドラゴンシールド_u,アイスブラストの魔法書_u,金貨（大）,金貨（大）

[map]
;---------------------------------------------------------------------------------------------------------------
;    0   1   2   3   4   5   6   7   8   9  10  
  
29	⏃⏃⏃⏃⏃⏃⏃⏃⏃⏃⏃⏃⏃⏃⏃⏃⏃⏃⏃⏃⏃
  	⏃⏃⏃⏃⏃⏃⏃⏃⏃⏃⏃⏃⏃⏃⏃⏃⏃⏃⏃⏃⏃
28	⏃⏃　　　　　　　　　　　　　　　　　⏃⏃
  	⏃⏃　⏃⏃⏃　　　　　　　　　　　　　⏃⏃
27	⏃⏃❶⏃⏃⏃　　　　　　　　　　　　　⏃⏃
  	⏃⏃⏃⏃⏃⏃　　　　　　　　　　　　　⏃⏃
26	⏃⏃⏃⏃⏃⏃　　　　　　　　　　　　　⏃⏃
  					⏃⏃　　　　　　　　　　　　　⏃⏃
25					⏃⏃　　　　　　　　　　　　　⏃⏃
  					⏃⏃⏃⏃　　　　　　　　　⏃⏃⏃⏃
24					⏃⏃⏃⏃　　　　①　　　　⏃⏃⏃⏃
  							⏃⏃⏃⏃⏃⏃　⏃⏃⏃⏃⏃⏃
23							⏃⏃⏃⏃⏃⏃　⏃⏃⏃⏃⏃⏃
  											⏃⏃　⏃⏃
22											⏃⏃　⏃⏃
  											⏃⏃　⏃⏃
21											⏃⏃　⏃⏃
  											⏃⏃　⏃⏃
20											⏃⏃　⏃⏃
  											⏃⏃　⏃⏃
19											⏃⏃　⏃⏃
  											⏃⏃　⏃⏃
18							⏃⏃⏃⏃⏃⏃　⏃⏃⏃⏃
  							⏃⏃⏃⏃⏃⏃　⏃⏃⏃⏃
17	⏃⏃⏃⏃⏃⏃⏃⏃　　　　　　　⏃⏃
  	⏃⏃⏃⏃⏃⏃⏃⏃　　　　　　　⏃⏃
16	⏃⏃　　　⏃⏃⏃　　　　　　　⏃⏃⏃⏃
  	⏃⏃　　　⏃⏃⏃　　　　　　　⏃⏃⏃⏃
15	⏃⏃敵　　⏃⏃⏃　　　　　　　　　⏃⏃
  	⏃⏃　⏃⏃⏃⏃⏃　　　⏃⏃⏃　　　⏃⏃
14	⏃⏃　⏃⏃⏃⏃⏃　　　⏃⏃⏃　　　⏃⏃⏃⏃
  	⏃⏃　⏃⏃⏃⏃⏃　　　⏃⏃⏃　　　⏃⏃⏃⏃
13	⏃⏃　⏃⏃⏃　　　　　　　　　　　　　⏃⏃
  	⏃⏃　⏃⏃⏃　　　　　　　　　　　　　⏃⏃
12	⏃⏃　　　　　　　　　　　　　　　　　⏃⏃
  	⏃⏃　　　　　⏃⏃⏃⏃⏃　　　⏃⏃⏃⏃⏃⏃
11	⏃⏃　　　　　⏃⏃⏃⏃⏃　　　⏃⏃⏃⏃⏃⏃
  	⏃⏃⏃⏃　　　⏃⏃⏃⏃⏃　　　⏃⏃⏃⏃⏃⏃
10	⏃⏃⏃⏃　　　　　　　　　　　　敵　　⏃⏃
  			⏃⏃　　　　　　　　　⏃⏃⏃　　　⏃⏃
 9			⏃⏃　　　　　　　　　⏃⏃⏃　　　⏃⏃
  			⏃⏃⏃⏃⏃⏃　　　⏃⏃⏃⏃⏃⏃⏃⏃⏃⏃
 8	⏃⏃⏃⏃⏃⏃⏃⏃　　　⏃⏃⏃⏃⏃⏃⏃⏃⏃⏃
  	⏃⏃⏃⏃⏃⏃⏃⏃　　　⏃⏃⏃⏃⏃⏃
 7	⏃⏃　　　⏃⏃⏃　　　　　　⑵⏃⏃⏃⏃⏃⏃
  	⏃⏃　　　⏃⏃⏃　　　　　　　⏃⏃⏃⏃⏃⏃
 6	⏃⏃　　敵⏃⏃⏃　　　　　　　　　　　⏃⏃
  	⏃⏃⏃⏃　⏃⏃⏃⏃⏃⏃⏃　　　　　　　⏃⏃
 5	⏃⏃⏃⏃　⏃⏃⏃⏃⏃⏃⏃　　　　　　　⏃⏃
  	⏃⏃⏃⏃　⏃⏃⏃⏃⏃⏃⏃　　　⏃⏃⏃⏃⏃⏃
 4			⏃⏃　　　　　　　　　　　⏃⏃⏃⏃⏃⏃
  			⏃⏃　　　　　　　　　　　⏃⏃⏃⏃⏃⏃
 3			⏃⏃　　　　　　　　　　　　敵　　⏃⏃
  			⏃⏃⏃⏃　　　　　　　⏃⏃⏃　　　⏃⏃
 2			⏃⏃⏃⏃　　　　　　　⏃⏃⏃　　　⏃⏃
  					⏃⏃⏃⏃⏃⏃　　　⏃⏃⏃⏃⏃⏃⏃⏃
 1					⏃⏃⏃⏃⏃⏃　　　⏃⏃⏃⏃⏃⏃⏃⏃
  									⏃⏃　　　⏃⏃
 0									⏃⏃Ⓐ　Ⓐ⏃⏃
  											▲	▲
;    0   1   2   3   4   5   6   7   8   9  10  
;---------------------------------------------------------------------------------------------------------------
[correct]

[endmap]
;-------------------------------------------------------------------------------
; マップを開いた時に必ず実行されるスクリプト
[initial]

[endinitial]
;===============================================================================
;◆イベント◆

; 初期発生イベント
events = [1, 2]

;-------------------------------------------------------------------------------
*event_1
;[exp] true

@se f=howling
@fg c=9007 left=450 top=-90 t=1000
@wait time=2000
@se f=roar
@fg c=dragon_white left=450 top=-90 t=1000
@wait time=1000
[texton]
With a spine-chilling roar, a pure white dragon appeared from the blizzard![k]
When the dragon spotted us, it attacked![k]
[textoff]
@clf
@monster pos=3 name=フロストドラゴン
@callbattle bgm=dragon gameover=true escape=false
@treasure item=氷竜の心臓
@delevent

[eventoff]
;-------------------------------------------------------------------------------
*event_2
;[exp] onObjectTrigger

@notice text="Ice dragon's abode ahead.<r>Those without power shouldn't approach."

[eventoff]
;-------------------------------------------------------------------------------
