; 温泉

name = 温泉・洞窟Ｂ２
insideName = Cave B2
upper = 温泉・洞窟Ｂ１
level = 29
bgm = cave
isOutdoor = true
shadow = dark
sky = black
blank = rock
antiWarp = true

; 画像パーツ
━ = soil_h
－ = rock
　 = soil
△ = rock
﹃ = ladder

; 敵情報
maxGroups = 2
monsters = レッドスライム,サラマンダー
traps = 石つぶて

; 宝箱
box[1] = 罠はない,スレッジハンマー_u,アイスロッド

[map]
;---------------------------------------------------------------------------------------------------------------
;    0   1   2   3   4   5  
  		┣－┫					┣﹃┫
10		┃　┃					┃　┃
  		┃　┃					┃　┃
 9		┃　┃					┃　┃
  		┃　┃					┃　┃
 8		┃　┃					┃　┃
  		┃　┗━━━━━┛　┃
 7		┃　　　　　　　　　┃
  		┗━━━┓　┏━━━┛
 6						┃　┃
  						┃　┃
 5						┃　┃
  						┃　┃
 4						┃　┃
  						┃　┃
 3						┃　┃
  				┏━┛　┗━┓
 2				┃　　敵　　┃
  				┃　　　　　┃
 1				┃　　　　　┃
  				┃△△　△△┃
 0				┃△△❶△△┃
  				┗━━━━━┛
;    0   1   2   3   4   5  
;---------------------------------------------------------------------------------------------------------------
[correct]

pos[5][10].n.img = "soil";

[endmap]
;-------------------------------------------------------------------------------
; マップを開いた時に必ず実行されるスクリプト
[initial]

[endinitial]
;===============================================================================
