; 湿地帯

name = モイーズ湿地帯・西の沼地
insideName = West Swamp
pool = モイーズ湿地帯・水中
level = 10
bgm = forest
isOutdoor = true
shadow = dark
sky = forest
roof = wood
blank = rock
outfield = soil

; 画像パーツ
━ = stone
… = half
　 = soil
❖ = soil
〓 = wood
～ = pool
⏃ = woods
☗ = gate
⑴ = bulletin
⑵ = bulletin
⑶ = bulletin
⑷ = br_str
⑸ = br_luc
⑹ = bulletin

; 敵情報
maxGroups = 2
monsters = スパイ,シューター,スナイパー,オークソルジャー,ピクシー
traps = 石つぶて,毒針,毒ガス,しびれ針,爆弾,魔力吸収,酸スプレー,スモーク

; 移動ポイント
(A) = map:シーガルの村, enter:シーガルの村・東門, ask:Enter town?
(B) = map:水の宮殿１Ｆ, x:6, y:0, way:n, symbol:cave, ask:Go to the dungeon?
(C) = map:モイーズ湿地帯・果樹園, x:13 ,y:0, way:n, symbol:movev, ask:Go to the next map?
(D) = map:モイーズ湿地帯・東の沼地, x:0 ,y:10, way:e, symbol:moveh, ask:Go to the next map?
(E) = map:モイーズ湿地帯・東の沼地, x:0 ,y:7, way:e, symbol:moveh, ask:Go to the next map?

[map]
;---------------------------------------------------------------------------------------------------------------
;    0   1   2   3   4   5   6   7   8   9  10  11  12  13  14  15  16  17  18  19  20  21  22  23  24  25  26  27  28  29  30  31  32  33  34  35  36  37  38  39  
  																											▲
19	⏃⏃⏃⏃⏃⏃⏃⏃⏃⏃⏃⏃⏃											⏃⏃Ⓒ⏃⏃⏃⏃⏃⏃⏃⏃							⏃⏃⏃⏃⏃⏃⏃⏃⏃⏃⏃⏃⏃							⏃⏃⏃⏃⏃⏃⏃			⏃⏃⏃⏃⏃⏃⏃
  	……⏃⏃⏃⏃⏃⏃⏃⏃⏃⏃⏃											⏃⏃　⏃⏃⏃⏃⏃⏃⏃⏃							⏃⏃⏃⏃⏃⏃⏃⏃⏃⏃⏃⏃⏃							⏃⏃⏃⏃⏃⏃⏃			⏃⏃……………
18▲Ⓐ　　　　　　　　　　⏃⏃											⏃⏃　⏃⏃⏃～～〓⏃⏃⏃⏃⏃⏃⏃⏃⏃⏃⏃～～～～～～～～　⏃⏃							⏃⏃⑸　　⏃⏃			⏃⏃❖	❖	❖
  	……　　　　　　　　　⏃⏃											⏃⏃　⏃⏃⏃～～〓⏃⏃⏃⏃⏃⏃⏃⏃⏃⏃⏃～～～～～～～～～⏃⏃							⏃⏃　　　⏃⏃			⏃⏃……………
17	⏃⏃⑴　　　　　　　　⏃⏃											⏃⏃　⏃⏃⏃～～〓～～⏃⏃⏃〓〓〓〓〓〓〓〓〓〓〓〓〓～～⏃⏃⏃⏃⏃⏃⏃⏃	⏃⏃　　　⏃⏃			⏃⏃⏃⏃⏃⏃⏃
  	⏃⏃⏃⏃⏃⏃⏃⏃⏃⏃　⏃⏃											⏃⏃　⏃⏃⏃～～〓～～⏃⏃⏃〓～～～～～～～～～～～～～～⏃⏃⏃⏃⏃⏃⏃⏃	⏃⏃⏃⏃　⏃⏃
16	⏃⏃⏃⏃⏃⏃⏃⏃⏃⏃　⏃⏃											⏃⏃　～～～～～〓～～～～～〓～～～～～～～～～～～～～～～～～～～～⏃⏃	⏃⏃⏃⏃　⏃⏃
  									⏃⏃　⏃⏃											⏃⏃⏃⏃～～～～〓～～～～～〓～～～～～～～～～～～～～～～～～～～～⏃⏃			⏃⏃　⏃⏃
15									⏃⏃　⏃⏃											⏃⏃⏃⏃〓〓〓〓〓〓〓〓〓〓〓～～～～～～～～～～～〓〓〓〓〓〓〓〓〓⏃⏃			⏃⏃　⏃⏃
  									⏃⏃　⏃⏃													⏃⏃⏃⏃～～～～～～～～〓～～～～～～～～～～～～～～～～～～～〓⏃⏃			⏃⏃　⏃⏃
14									⏃⏃　⏃⏃⏃⏃⏃⏃⏃⏃⏃⏃⏃⏃⏃⏃	⏃⏃⏃⏃～～～～～～～～〓〓〓〓〓〓〓〓〓〓〓～～～～～～～～～〓⏃⏃⏃⏃⏃⏃⏃　⏃⏃
  									⏃⏃　⏃⏃⏃⏃⏃⏃⏃⏃⏃⏃⏃⏃⏃⏃			⏃⏃⏃⏃⏃⏃⏃⏃～～〓～～⏃⏃⏃⏃⏃⏃⏃⏃⏃⏃⏃～～～～～～～⏃⏃⏃⏃⏃⏃⏃　⏃⏃
13									⏃⏃　　　　　　　　　　　　　⏃⏃			⏃⏃⏃⏃⏃⏃⏃⏃～～〓～～⏃⏃⏃⏃⏃⏃⏃⏃⏃⏃⏃～～～～～～～⏆⏆⏆　　　　　⏃⏃
  									⏃⏃⏃⏃　　　⏃⏃⏃⏃⏃⏃⏃　⏃⏃									⏃⏃～～〓～～⏃⏃							⏃⏃～～～～～～～⏃⏃⏃⏃⏃⏃⏃⏃⏃⏃
12									⏃⏃⏃⏃⑵　　⏃⏃⏃⏃⏃⏃⏃　⏃⏃⏃⏃⏃⏃⏃⏃⏃⏃⏃⏃⏃　　　　　⏃⏃⏃⏃⏃⏃			⏃⏃～～～～～～～⏃⏃⏃⏃⏃⏃⏃⏃⏃⏃
  											⏃⏃⏃⏃　⏃⏃			⏃⏃　⏃⏃⏃⏃⏃⏃⏃⏃⏃⏃⏃⏃⏃　　　　　⏃⏃⏃⏃⏃⏃			⏃⏃～～～～～～～⏃⏃
11	⏃⏃⏃⏃⏃⏃⏃			⏃⏃⏃⏃　⏃⏃			⏃⏃　　　　　　　　　　　　　　　　⑶　　　　　　⏃⏃	⏃⏃⏃⏃～～～～～～～⏃⏃⏃⏃⏃⏃⏃⏃⏃⏃⏃⏃⏃⏃⏃⏃⏃⏃⏃⏃
  	⏃⏃⏃⏃⏃⏃⏃					⏃⏃　⏃⏃			⏃⏃⏃⏃⏃⏃⏃⏃⏃⏃⏃⏃⏃⏃⏃⏃⏃⏃⏃⏃⏃⏃⏃⏃　⏃⏃	⏃⏃⏃⏃～～～～～～～⏃⏃⏃⏃⏃⏃⏃⏃⏃⏃⏃⏃⏃⏃⏃⏃⏃⏃⏃⏃
10	❖	❖	❖	❖					⏃⏃　⏃⏃			⏃⏃⏃⏃⏃⏃⏃⏃⏃⏃⏃⏃⏃⏃⏃⏃⏃⏃⏃⏃⏃⏃⏃⏃　⏃⏃⏃⏃⏃～～～～～～～～～～　　　　　　　　　　　　　　　　　　Ⓓ
  	⏃⏃⏃⏃⏃⏃⏃					⏃⏃　⏃⏃																									⏃⏃　⏃⏃⏃⏃⏃～～～～～～～～～～　　　　　　　⏃⏃⏃⏃⏃⏃⏃⏃⏃⏃⏃⏃
 9	⏃⏃⏃⏃⏃⏃⏃					⏃⏃　⏃⏃													⏃⏃⏃⏃⏃⏃⏃⏃⏃			⏃⏃　　　　　〓〓〓〓〓〓〓〓〓〓〓　　　　　　　⏃⏃⏃⏃⏃⏃⏃⏃⏃⏃⏃⏃
  													⏃⏃　⏃⏃													⏃⏃⏃⏃⏃⏃⏃⏃⏃			⏃⏃　　　　　～～～～～～～～～～～　　　　　⏃⏃⏃⏃
 8	⏃⏃⏃⏃⏃⏃⏃			⏃⏃⏃⏃　⏃⏃⏃⏃											⏃⏃～～　　　⏃⏃⏃⏃⏃⏃⏃　　⑹　　～～～～～～～～～～～　　　　　⏃⏃⏃⏃			⏃⏃⏃⏃⏃⏃⏃
  	⏃⏃⏃⏃⏃⏃⏃			⏃⏃⏃⏃　⏃⏃⏃⏃											⏃⏃～～　　　⏃⏃⏃⏃⏃⏃⏃　　　　　～～～～～～～～⏃⏃⏃⏃⏃⏃⏃⏃⏃⏃					⏃⏃⏃⏃⏃⏃⏃
 7	❖	❖	❖	❖	⏃⏃⏃⏃　　　　　⏃⏃⏃⏃									⏃⏃～～　　　　　　　　　　　　　　　～～～～～～～～⏃⏃⏃⏃⏃⏃⏃⏃⏃⏃					⏃⏃　　　　Ⓔ▲
  	⏃⏃⏃⏃⏃⏃⏃	⏃⏃⏃⏃～～～～～⏃⏃⏃⏃									⏃⏃～～　　　　　⏃⏃⏃⏃⏃⏃⏃　　　～～～～～～～～⏃⏃													⏃⏃　⏃⏃⏃⏃
 6	⏃⏃⏃⏃⏃⏃⏃	⏃⏃～～～～～～～～～⏃⏃⏃⏃							⏃⏃～～〓～　　　⏃⏃⏃⏃⏃⏃⏃　　　～～～～～～～～⏃⏃⏃⏃⏃⏃					⏃⏃⏃⏃⏃⏃　⏃⏃⏃⏃
  									⏃⏃～～～～～～～～～⏃⏃⏃⏃							⏃⏃～～〓～～⏃⏃⏃⏃⏃⏃⏃⏃⏃⏃⏃⏃⏃～～～～～～～⏃⏃⏃⏃⏃⏃					⏃⏃⏃⏃⏃⏃　⏃⏃
 5							⏃⏃⏃⏃～～～～～～～～～～～⏃⏃							⏃⏃～～〓～～⏃⏃⏃⏃⏃⑷⏃⏃⏃⏃⏃⏃⏃～～～～～～〓～～～～⏃⏃			⏃⏃⏃⏃　　　　　⏃⏃
  							⏃⏃⏃⏃～～～～～～～～～～～⏃⏃							⏃⏃～～〓～～⏃⏃⏃⏃⏃〓⏃⏃⏃⏃⏃⏃⏃～～～～～～〓～～～～⏃⏃			⏃⏃⏃⏃　　　⏃⏃⏃⏃
 4							⏃⏃～～～～～～～～～～～～～⏃⏃							⏃⏃～～〓～～～～～～～〓～～～～～～～～～～～～～〓～～～～⏃⏃⏃⏃⏃⏃⏃　　　　　⏃⏃⏃⏃
  							⏃⏃～～～～～～～～～～～～～⏃⏃							⏃⏃～～〓～～～～～～～〓～～～～～～～～～～～～～～～～～～⏃⏃⏃⏃⏃⏃⏃　　　⏃⏃⏃⏃
 3							⏃⏃～～～～～～～～～～～～～⏃⏃	⏃⏃❖⏃⏃	⏃⏃～～〓〓〓〓〓〓〓〓〓～～～～～～～～～～～～～～～～～〓　　　　　　　　　　⏃⏃⏃⏃
  							⏃⏃～～～～～～～～～～～～～⏃⏃	⏃⏃	⏃⏃	⏃⏃⏃⏃～～〓～～～～～〓～～～～～～～～～～～～～～～～～〓　　　　⏃⏃⏃⏃⏃⏃⏃⏃
 2							⏃⏃～～　　　　Ⓑ　　　　～～⏃⏃	⏃⏃❖⏃⏃	⏃⏃⏃⏃～～〓～～～～～〓〓〓〓〓〓〓〓〓～～～～～～～～～〓　　　　⏃⏃⏃⏃⏃⏃⏃⏃
  							⏃⏃～┏━━━━☗━━━━┓～⏃⏃	⏃⏃	⏃⏃			⏃⏃～～〓～～⏃⏃⏃～～～⏃⏃⏃⏃⏃～～～～～⏃⏃⏃⏃⏃⏃⏃⏃⏃⏃⏃⏃
 1							⏃⏃～┃				❖				┃～⏃⏃	⏃⏃❖⏃⏃			⏃⏃～～〓～～⏃⏃⏃～～～⏃⏃⏃⏃⏃～～～～〓⏃⏃⏃⏃⏃⏃⏃⏃⏃⏃⏃⏃
  							⏃⏃⏃┃									┃⏃⏃⏃	⏃⏃	⏃⏃			⏃⏃⏃⏃⏃⏃⏃⏃⏃⏃⏃⏃⏃⏃⏃	⏃⏃⏃⏃⏃⏃⏃⏃⏃
 0							⏃⏃⏃┃									┃⏃⏃⏃	⏃⏃❖⏃⏃			⏃⏃⏃⏃⏃⏃⏃⏃⏃⏃⏃⏃⏃⏃⏃	⏃⏃⏃⏃⏃⏃⏃⏃⏃
  
;    0   1   2   3   4   5   6   7   8   9  10  11  12  13  14  15  16  17  18  19  20  21  22  23  24  25  26  27  28  29  30  31  32  33  34  35  36  37  38  39  
;---------------------------------------------------------------------------------------------------------------
[correct]

pos[7][1].f.img = "marble";
pos[7][2].event = 8;

[endmap]
;-------------------------------------------------------------------------------
; マップを開いた時に必ず実行されるスクリプト
[initial]

if(game.party.hasItem(o.水の腕輪)) tf.temp = %[type: "floor", img: "sea", trap: void, icon: 1, enemy: "none"];
else tf.temp = %[type: "water", img: "pool", trap: "water"];
for(var i = 3; i <= 6; i++) changeObject(tf.temp, 7, i, "f");

[endinitial]
;===============================================================================
;◆イベント◆

; 初期発生イベント
events = [1, 2, 3, 4, 5, 6, 7]

;-------------------------------------------------------------------------------
*event_1
;[exp] onObjectTrigger

@notice text="Seagull Village"

[eventoff]
;-------------------------------------------------------------------------------
*event_2
;[exp] onObjectTrigger

@roadguide s="Water Palace"

[eventoff]
;-------------------------------------------------------------------------------
*event_3
;[exp] onObjectTrigger

@roadguide n=Orchard w="Seagull Village" e="Water Dragon Temple"

[eventoff]
;-------------------------------------------------------------------------------
*event_4
;[exp] onObjectTrigger

@barrel
@damage v=&'game.curTarget.addParam("power", 1)'
@notice text=&'"<p>" + game.curTarget.displayName + "<w> had Strength permanently increased by 1!"'

[eventoff]
;-------------------------------------------------------------------------------
*event_5
;[exp] onObjectTrigger

@barrel
@damage v=&'game.curTarget.addParam("luck", 2)'
@notice text=&'"<p>" + game.curTarget.displayName + "<w> had Luck permanently increased by 2!"'

[eventoff]
;-------------------------------------------------------------------------------
*event_6
;[exp] onObjectTrigger

@roadguide e="Swamp Ruins"

[eventoff]
;-------------------------------------------------------------------------------
*event_7
;[exp] WAY == "e"

@delevent
@wait time=500
[texton]
The bridge has collapsed.[k]
To proceed westward from here, we have no choice but to find some way to cross the swamp.[k]
[textoff]

[eventoff]
;-------------------------------------------------------------------------------
*event_8
;[exp] party.lastIsMove

; イベント時の移動制限。ダンジョンに入れないようにする
[texton]
[テオ f=06]「We should go somewhere else.」[k]
[textoff]
@walk move=w

[eventoff]
;-------------------------------------------------------------------------------
