; ラドミラの塔

name = ラドミラの塔５Ｆ
insideName = ５Ｆ
upper = ラドミラの塔６Ｆ
lower = ラドミラの塔４Ｆ
level = 46
bgm = tower
margin = 3
shadow = dark
sky = forest
roof = stone

; パーツ画像
━ = stone_h
― = stone
　 = marble
／ = door
☖ = arch
⧻ = fence
︻ = panel
┯ = button
㊤ = ladderu
㊦ = ladderd

; 敵情報
monsters = マスターランサー,デュエリスト,アークプリースト,メイガス,ネクロマンサー,マスターアーチャー,バーグラー,マスターシャドウ,オークキング,コボルドリーダー

; 宝箱
box[1] = アウラの宝珠,アウラの宝珠,アウラの宝珠,アウラの宝珠,アウラの宝珠,アウラの宝珠,アウラの宝珠,アウラの宝珠,アウラの宝珠
box[2] = 罠はない,蛇の彫像

[map]
;---------------------------------------------------------------------------------------------------------------
;    0   1   2   3   4   5   6   7   8   9  
  		┏━┳━┳━━━━━━━━━━━━━┓
 8		┃　⧻　┃　　　　　　　　　　　　㊦┃
  		┃　┃　┣﹣┬﹣﹣﹣┬﹣﹣﹣﹣﹣﹣﹣┃
 7		┃　┃　｜❷︲❶　　︲　　　　　　㊦┃
  		┃　┣━╋﹣┴﹣﹣　└﹣┐　┌﹣﹣﹣┃
 6		┃　┃㊦┃　　　　　　　︲　︲　　㊤┃
  		┃　┃　┃　┌﹣﹣﹣﹣﹣┘　︲　﹣﹣┃
 5		┃　┃　┃　︲　　　　　　　︲　　㊦┃
  		┃　┃　┃　︲　┌﹣﹣﹣﹣﹣┴﹣﹣﹣┃
 4		┃　┃　┃　︲　︲　　　　　　　　㊦┃
  		┃　┗／┫　︲　︲　┌﹣﹣﹣﹣﹣﹣﹣┃
 3		┃　　　┃　︲　　　︲　　　　　　㊦┃
  		┃　┏／┫　└﹣﹣﹣┘　┌﹣﹣﹣﹣﹣┃
 2		┃　┃敵┃　　　　　　　︲　　①　㊦┃
  		┃　┃　┗━━━━━━━┻━━︼━━┫
 1		┃　┃　　　　　　　　　　　　　　③┨
  		┃　┗━━━━━━━━━━━━━┳━┫
 0		┃　　　　　　　　　　　　　　②】	┃
  		┗━━━━━━━━━━━━━━━┻━┛
;    0   1   2   3   4   5   6   7   8   9  
;---------------------------------------------------------------------------------------------------------------
[correct]

[endmap]
;-------------------------------------------------------------------------------
; マップを開いた時に必ず実行されるスクリプト
[initial]

[endinitial]
;===============================================================================
;◆イベント◆

; 初期発生イベント
events = [1, 2, 3]

;-------------------------------------------------------------------------------
*event_1
;[exp] onObjectTrigger

@notice text="Invisible Wall Hall"

[eventoff]
;-------------------------------------------------------------------------------
*event_2
;[exp] onObjectTrigger

@notice text="There is a secret behind the different colored floors."

[eventoff]
;-------------------------------------------------------------------------------
*event_3
;[exp] onObjectTrigger

@se f=kacha
@wait time=800
@se f=fence
@switchfence x=1 y=8 way=e mode=open
@notice text="I heard a door open somewhere!"
@delevent

[eventoff]
;-------------------------------------------------------------------------------
