; ラドミラの塔

name = ラドミラの塔３Ｆ
insideName = ３Ｆ
upper = ラドミラの塔４Ｆ
lower = ラドミラの塔２Ｆ
level = 6
bgm = tower
margin = 3
shadow = dark
sky = forest
roof = stone

; パーツ画像
━ = stone_h
✜ = stone_h
… = half
　 = marble
☐ = marble
＋ = stone
〰 = water
＊ = ice
／ = door
☖ = arch
－ = pole
︻ = panel
㊤ = ladderu
㊦ = ladderd
下 = ladderd
Ⓐ = warp
Ⓑ = warp
Ⓒ = warp
③ = warp

; 敵情報
monsters = マスターランサー,デュエリスト,アークプリースト,メイガス,ネクロマンサー,マスターアーチャー,バーグラー,マスターシャドウ,オークキング,コボルドリーダー

; 移動ポイント
(A) = x:0, y:3
(B) = map:ラドミラの塔１Ｆ, x:12, y:5
(C) = x:5, y:1
(D) = map:ヤネクの森・東, x:6, y:29, way:n

; 宝箱
box[1] = ボム,ボム,ボム,ボム,ボム
box[2] = 神秘の棒_u,ゴールドトンファー,ゴールドトンファー
box[3] = 大きな召喚びん,特効薬,エーテル,解呪の巻物・改

[map]
;---------------------------------------------------------------------------------------------------------------
;    0   1   2   3   4   5   6   7   8   9  10  
  ┏………………………………………………………┓
 9￤☐☐☐☐☐☐☐☐☐☐☐☐☐☐☐☐☐☐☐☐☐￤
  ￤☐┏━━━┳━━━━━┳━┳━━━━━┓☐￤
 8￤☐┃㊤〰〰┃　　　　　┃　┃㊦　　〰〰┃☐￤
  ￤☐┃　〰〰┃　┏／━━┫　┃　　　〰〰┃☐￤
 7￤☐┃　　　┃　┃　　　┃　／　　　〰〰┃☐￤
  ￤☐┣︻┓　┃■┃　　　┃　┣━━━━━┫☐￤
 6￤☐┃①┃㊦┃■┃　　㊤┃　／敵　　　　┃☐
  ￤☐┃　┗━┫■┣━━━┫　┗━━━━━┫☐
 5￤☐／　　＋＋＋＋■■❸ⅼ　　　　　　　┃☐
  ￤☐┣︻┳━╋━┻━┳━┫　〰〰〰〰〰　┃☐
 4￤☐┃②／Ⓐ┃　　　＋　／　〰〰〰〰〰　／☐
  ￤☐┃　┣━┫　┏━┻＋┫　〰〰〰〰〰　┃☐
 3￤☐／　／Ⓑ┃　┃　　　ⅼ　〰〰〰〰〰　┃☐
  ┣…┫　┣━┫　┃　　　ⅼ　〰〰〰〰〰　┃☐
 2￤☐┃　／Ⓐ┃　┃㊤　　ⅼ　　　　　　❶┃☐
  ￤☐┃　┣━┫　┗━━━╋／┳－－－┳━┫☐￤
 1￤☐┃　／③┃　　　　　┃　＋　　❷┃㊤┃☐￤
  ￤☐┃　┣━╋━┳━━━┻━┻━━━┛　┃☐￤
 0￤下┃　／Ⓒ┃㊦＋　　　　　　　　　　　✜☐￤
  ┗…┻━┻━┻━┻━━━━━━━━━━━┻…┛
;    0   1   2   3   4   5   6   7   8   9  10  
;---------------------------------------------------------------------------------------------------------------
[correct]

[endmap]
;-------------------------------------------------------------------------------
; マップを開いた時に必ず実行されるスクリプト
[initial]

[endinitial]
;===============================================================================
;◆イベント◆

; 初期発生イベント
events = [1, 2, 3]

;-------------------------------------------------------------------------------
*event_1
;[exp] onObjectTrigger

@notice text="Depending on how you demolish walls and floors, there may be no turning back. Think carefully before demolishing."

[eventoff]
;-------------------------------------------------------------------------------
*event_2
;[exp] onObjectTrigger

@notice text="There is only one correct answer."

[eventoff]
;-------------------------------------------------------------------------------
*event_3
;[exp] true

@delevent
@eval exp='game.map.setWarp(2, 1, "D", "warp")'
@jump storage="main13.scn" target=*radmila_3

[eventoff]
;-------------------------------------------------------------------------------
