; 火山島

name = 火山島１Ｆ
insideName = １Ｆ
upper = 火山島２Ｆ
lower = 火山島Ｂ１
level = 40
bgm = trip
isOutdoor = true
shadow = dark
sky = cloudywild
blank = rock

; 画像パーツ
━ = rock
‥ = soil
　 = soil
◇ = sand
❖ = sand
⏃ = woods
❖ = sand
／ = door
⑴ = bulletin
⑵ = monument

; 敵情報
monsters = 人食いバチ,トログロダイト,コボルドリーダー,オークシャーマン,ハーピーウィッチ

; 移動ポイント
(A) = map:海岸, x:3, y:29, way:s, symbol:movev, ask:Go to the next map?
(B) = map:海岸, x:4, y:29, way:s, symbol:movev, ask:Go to the next map?
(C) = map:海岸, x:5, y:29, way:s, symbol:movev, ask:Go to the next map?
(D) = map:エミール平原, x:18, y:29

[map]
;---------------------------------------------------------------------------------------------------------------
;    0   1   2   3   4   5   6   7   8   9  10  11  12  13  14  15  16  17  18  19  20  21  22  23  24  25  
  										┏━━━━━━━━━━━━━┓
16										┃　　　　　　　　　　　　　┃																					┃❖	❖	❖┃
  						┏━━━┛　　　　　　　　　　　　　┗━━━┓																	┃					┃
15						┃　　　　　　　　　　　　　　　　　　　　　┃																	┃❖	❖	❖┃
  				┏━┛　　　　　■■■■■■■■■■■　　　　　┗━┓															┃					┃
14				┃　　　　　　　■■■■■■■■■■■　　　　　　　┃								⏃⏃⏃⏃⏃		┃❖	❖	❖┃
  		┏━┛　　　■■■■■■■■■■■■■■■■■■■　　　┗━┓						⏃⏃⏃⏃⏃		┃					┃
13		┃　　　　　■■■■■■■■■■■■■■■■■■■　　　　　┃						⏃⏃⑵⏃⏃		┃❖	❖	❖┃
  		┃　　　■■■■■■■■■■■■■■■■■■■■■■■　　　┗━━━┓		⏃⏃　⏃⏃
12		┃　　　■■■■■■■■■■■■■■■■■■■■■■■　　　　　　　┃		⏃⏃　⏃⏃⏃⏃⏃⏃
  ┏━┛　　　■■■■■■■■■■■■■■■■■■■■■■■　　　　　　　┃		⏃⏃　⏃⏃⏃⏃⏃⏃
11┃　　　　　■■■■■■■■■■■■■■■■■■■■■■■　　　　　　　┃		⏃⏃　　　　　⏃⏃⏃⏃
  ┃　　　　　■■■■■■■■■■■■■■■■■■■■■■■■■　　　　　┃		‥┓　　　　　⏃⏃⏃⏃
10┃　　　　　■■■■■■■■■■■■■■■■■■■■■■■■■　　　　　：			：　　　　　　　⏃⏃
  ┃■■■■■■■■■■■■■■■■■■■■■■■■■■■■■■　　　　　：			：　　　　　　　⏃⏃
 9┃■■■■■■■■■■■■■■■■■■■■■■■■■■■■■■　　　　　：			：　　　　　　　⏃⏃	☷
  ┃■■■■■■■■■■■■■■■■■■■■■■■■■■■■■■　　　　　：			：　　　　　　　⏃⏃		
 8┃■■■■■■■■■■■■■■■■■■■■■■■■■■■■■■　　　　　：			：　　　　　　　⏃⏃	☷
  ┃■■■■■■■■■■■■■■■■■■■■■■■■■■■■■■　　　　　：			：　　　　　　　⏃⏃		
 7┃■■■■■■■■■■■■■■■■■■■■■■■■■■■■■■　　　　　：			：　　　　⑴　　⏃⏃	☷
  ┃■■■■■■■■■■■■■■■■■■■■■■■■■■■■■■　　　　　：			：　　　　　　　⏃⏃
 6┃　　　　　■■■■■■■■■■■■■■■■■■■■■■■■■　　　　　：			：　　　　　　　⏃⏃┃
  ┃　　　　　■■■■■■■■■■■■■■■■■■■■■■■■■　　　　　┃		‥┛　　　　　　　　　┗━┓
 5┃　　　　　■■■■■■■■■■■■■■■■■■■■■■■　　　　　　　┃		⏃⏃　　　　　　　　　　　┃
  ┗━┓　　　■■■■■■■■■■■■■■■■■■■■■■■　　　　　　　┃		⏃⏃　　　　　　　　　　　┃
 4		┃　　　■■■■■■■■■■■■■■■■■■■■■■■　　　　　　　┃		⏃⏃　　　　　　　　　　　┃
  		┃　　　■■■■■■■■■■■■■■■■■■■■■■■　　　┏━━━┛		⏃⏃　　　┏━┓　　　　　┃
 3		┃　　　　　■■■■■■■■■■■■■■■■■■■　　　　　┃						⏃⏃　　　┃	┃◇◇◇◇◇┃
  		┗━┓　　　■■■■■■■■■■■■■■■■■■■　　　┏━┛						⏃⏃⏃⏃⏃┃	┃◇◇◇◇◇┃
 2				：　　　　　　　■■■■■■■■■■■　　　　　　　┃								⏃⏃⏃⏃⏃┃	┃◇◇◇◇◇┃
  				┗‥┓　　　　　■■■■■■■■■■■　　　　　┏━┛															┃◇◇◇◇◇┃
 1						：　　　　　　　　　　　　　　　　　　　　　┃																	┃◇◇◇◇◇┃
  						┗━━━┓　　　　　　　　　　　　　┏━━━┛																	┃◇◇◇◇◇┃
 0										┃　　　　　　　　　　　　　┃																					┃Ⓐ◇Ⓑ◇Ⓒ┃
  										┗━━━━━━━━━━━━━┛																					┃▲	▲	▲┃
;    0   1   2   3   4   5   6   7   8   9  10  11  12  13  14  15  16  17  18  19  20  21  22  23  24  25  
;---------------------------------------------------------------------------------------------------------------
[correct]

for(var i = 23; i <= 25; i++) pos[i][0].f.img = "sand";

[endmap]
;-------------------------------------------------------------------------------
; マップを開いた時に必ず実行されるスクリプト
[initial]

[endinitial]
;===============================================================================
;◆イベント◆

; 初期発生イベント
events = [1, 2]

;-------------------------------------------------------------------------------
*event_1
;[exp] onObjectTrigger

@roadguide w=Crater

[eventoff]
;-------------------------------------------------------------------------------
*event_2
;[exp] onObjectTrigger

@question title="There is a stone monument. Would you like to touch it?"
[eventoff cond='! tf.result']
@se f=period
@eval exp='o.火山島１Ｆ.setWarp(22, 11, "D", "warp")'
@eval exp='o.エミール平原.setWarp(18, 29, "F", "warp")'
@delevent

[eventoff]
;-------------------------------------------------------------------------------
