; 井戸

name = 井戸・水中
insideName = Underwater
upper = 井戸・水上
level = 30
bgm = frontier
margin = 1
underWater = true
isOutdoor = true
shadow = dark
sky = deepwater
blank = rock
effect = PE_water_bubble

; 画像パーツ
━ = stoneg_h
－ = black
‥ = soil
　 = soil
☖ = gate
Ⓐ = rope
Ⓑ = black
⑴ = trash
⑵ = trash

; 移動ポイント
(A) = map:ダストウェルの町, enter:井戸, ask:Leave the dungeon?
(B) = map:井戸・水路, x:0, y:15, stealth:true

[map]
;---------------------------------------------------------------------------------------------------------------
;    0   1  
  ┏━━━┓
 2┃　　Ⓐ┃
  ┃　　　┃
 1┃⑴　⑵┃
  ┣☖┳━┛
 0ⅼⒷⅼ
  ┗－┛
;    0   1  
;---------------------------------------------------------------------------------------------------------------
[correct]

[endmap]
;-------------------------------------------------------------------------------
; マップを開いた時に必ず実行されるスクリプト
[initial]

[endinitial]
;===============================================================================
;◆イベント◆

; 初期発生イベント
events = [1, 2]

;-------------------------------------------------------------------------------
*event_1
;[exp] onObjectTrigger

@trash gold=200 monster=アネモネ

[eventoff]
;-------------------------------------------------------------------------------
*event_2
;[exp] onObjectTrigger

@trash item=金のフェアリー_b

[eventoff]
;-------------------------------------------------------------------------------
