; 井戸

name = 井戸・水路
insideName = Waterway
level = 30
bgm = frontier
margin = 1
underWater = true
shadow = dark
sky = deepwater
roof = stone
blank = rock
effect = PE_water_bubble
blind = darkness

; 画像パーツ
━ = soil
－ = black
　 = soil
☖ = gate
Ⓐ = black
Ⓑ = black

; 移動ポイント
(A) = map:井戸・水中, x:0, y:1, stealth:true
(B) = map:死の荒野・水中, x:1, y:16, stealth:true

[map]
;---------------------------------------------------------------------------------------------------------------
;    0  
  ┏－┓
16ⅼⒶⅼ
  ┣☖┫
15┃　┃
  ┃　┃
14┃　┃
  ┃　┃
13┃　┃
  ┃　┃
12┃　┃
  ┃　┃
11┃　┃
  ┃　┃
10┃　┃
  ┃　┃
 9┃　┃
  ┃　┃
 8┃　┃
  ┃　┃
 7┃　┃
  ┃　┃
 6┃　┃
  ┃　┃
 5┃　┃
  ┃　┃
 4┃　┃
  ┃　┃
 3┃　┃
  ┃　┃
 2┃　┃
  ┃　┃
 1┃　┃
  ┣☖┫
 0ⅼⒷⅼ
  ┗－┛
;    0  
;---------------------------------------------------------------------------------------------------------------
[correct]

[endmap]
;-------------------------------------------------------------------------------
; マップを開いた時に必ず実行されるスクリプト
[initial]

[endinitial]
;===============================================================================
