; アマゾネスの砦

name = アマゾネスの砦２Ｆ
insideName = ２Ｆ
lower = アマゾネスの砦１Ｆ
level = 60
bgm = brave
margin = 3
shadow = dark
sky = forest
roof = stone

; パーツ画像
━ = stone
　 = marble
／ = door
〆 = key
㊦ = ladderd
① = human

; 宝箱
box[1] = 罠はない,ドルフィンスーツ_u,女傑の鎧・上_u,女傑の鎧・下_u,アルテミスの杖_u,ひものパンツ

[map]
;---------------------------------------------------------------------------------------------------------------
;    0   1   2   3   4   5  
  		┏━━━┳━┳━━━┓
 5		┃❶　　┃㊦┃　　①┃
  		┃　　　┃　┃　　　┃
 4		┃　　　┃　┃　　　┃
  		┃　　　┃　┃　　　┃
 3		┃　　　┃　┃　　　┃
  		┃　　　┃　┃　　　┃
 2		┃　　　〆　〆　　　┃
  		┗━━━┻━┻━━━┛
 1
  
 0
  
;    0   1   2   3   4   5  
;---------------------------------------------------------------------------------------------------------------
[correct]

[endmap]
;-------------------------------------------------------------------------------
; マップを開いた時に必ず実行されるスクリプト
[initial]

[endinitial]
;===============================================================================
;◆イベント◆

; 初期発生イベント
events = [1, 2, 3]

;-------------------------------------------------------------------------------
*event_1
;[exp] party.lastIsMove

@fg c=priest_sky left=450
[texton]
[name n=Amazoness f=priest_sky_00]「We have magical items for sale. Would you like to take a look?」[k]
[textoff]
@question title="Take a look?"
@clf
[eventoff cond='! tf.result']
@shop name=アマゾネス魔法販売
[texton]
[name n=Amazoness f=priest_sky_00]「Please come again.」[k]
[textoff]

[eventoff]
;-------------------------------------------------------------------------------
