;  峡谷

name = 大峡谷・谷底
insideName = Ravine
upper = 大峡谷・崖上
level = 40
bgm = outdoor
isOutdoor = true
shadow = dark
sky = valley
roof = black
blank = rock
outfield = soil

; 画像パーツ
━ = cliff
－ = black
　 = soil
☐ = soil
⏃ = woods
△ = rock
〰 = water
／ = door
☖ = gate
上 = ladderl
Ⓐ = black

; 敵情報
battleRate = 0.002
maxGroups = 2
monsters = ブラックスライム,バンディット,ゴーレム,バーバリアン

; 移動ポイント
(A) = map:ラドミラの塔Ｂ１, x:2, y:6, stealth:true

; 宝箱
box[1] = キュアポイズンの魔法書_u,召喚の札_u,火花のマラカス_u,ミスリルの砂,ボム

[map]
;---------------------------------------------------------------------------------------------------------------
;    0   1   2   3   4   5   6   7   8   9  10  11  12  13  14  15  16  17  18  19  20  21  22  23  24  25  26  27  28  29  30  31  32  33  34  35  36  
  						┏━━━━━━━━━━━━━┓	┏━━━━━━━━━┓			┏━━━━━━━┓									┏━━━━━━━━━┓
 7						┃⏆⏆⏆⏆⏆⏆　　　　　　　┃	┃　　　　　⏆⏆⏆❶┃			┃⏆⏆⏆⏆　　　┃									┃⏆⏆　　　　　⏆⏆┃
  						┣━┓⏆⏆⏆⏆　　　　　　　┗━┛　　　　　⏆⏆⏆⏆┗━━━┛⏆⏆⏆⏆　　　┗━━━━━━━━━┛⏆⏆　　　　　⏆⏆┗━━━┓
 6						ⅼⒶ／⏆⏆⏆⏆　　　　　　　　　　　　　　　⏆⏆⏆⏆⏆⏆⏆⏆⏆⏆⏆　　　　　　　　　　　　　　　　　　　　　　　　　　　　　┃
  						┗－┻━━━━━┓　　　　　　　　　　　　　⏆⏆⏆⏆⏆⏆⏆⏆⏆⏆⏆　　　　　　　　　　　　　　　　　　　　　　　　　　　　　┃
 5														┃　　　　　　　　　　　　　　　　　　　　　⏆⏆⏆　　　　　　　　　　　　　　　　　　　　　　　　　　　　　┃
  														┃⏆⏆　　　△△△△△　　　　　△△△　　　⏆⏆⏆⏆⏆　　　　　〰〰〰〰〰　　　⏆⏆⏆⏆⏆　　　　　　　　　┣━━━━━┓
 4														┃⏆⏆　　　△△△△△　　　　　△△△　　　⏆⏆⏆⏆⏆　　　　　〰〰〰〰〰　　　⏆⏆⏆⏆⏆　　　　　　　　　☖☐☐☐☐☐┃
  														┃⏆⏆　　　△△△△△　　　　　△△△　　　⏆⏆⏆⏆⏆　　　　　〰〰〰〰〰　　　⏆⏆⏆⏆⏆　　　　　　　　　┣━━━┓☐┃
 3														┃　　　　　　　　　　　　　　　　　　　　　　　　　　　　　　　　　　　　　　　　　　　　　　　　　　　　　┃			┃☐┃
  								┏━━━━━┛　　　　　　　　　　　　　　　　　　　　　　　　　　　　　　　　　　　　　　　　　　　　　　　　　　　　　┃			┃☐┃
 2								┃〰〰　　　　　　　　　　　　　　　　　　　　　　　　　　　　　　　　　　　　　　　　　　　　　　　　　　　　　　　　　┃			┃☐┃
  						┏━┛〰〰　　　　　　　┏━━━━━┓⏆⏆　　　　　　　　　　　　　　　　　　　　　　　┏━━━━━━━┓　　　⏆⏆⏆⏆┏━┛			┃☐┃
 1						┃〰〰〰〰　　　　　　　┃					┃⏆⏆　　　　　　　　　　　　　　　　　　　　　　　┃							┃　　　⏆⏆⏆⏆┃					┃☐┃
  						┗━━━━━━━━━━━┛					┗━━━━━┓△△△△△┏━━━━━┓〰〰〰┏━━━┛							┗━━━━━━━┛					┃☐┃
 0																														┃△△△△△┃					┃〰〰〰┃																									┃上┃
  																														┗━━━━━┛					┗━━━┛																									┗━┛
;    0   1   2   3   4   5   6   7   8   9  10  11  12  13  14  15  16  17  18  19  20  21  22  23  24  25  26  27  28  29  30  31  32  33  34  35  36  
;---------------------------------------------------------------------------------------------------------------
[correct]

pos[3][6].n.img = "black";
pos[3][6].f.hide = true;
pos[35][4].w.himg = "exit";

[endmap]
;-------------------------------------------------------------------------------
; マップを開いた時に必ず実行されるスクリプト
[initial]

[endinitial]
;===============================================================================
