; 大洞窟

name = 大洞窟Ｂ５
insideName = Ｂ５
upper = 大洞窟Ｂ４
level = 23
bgm = cave
shadow = dark
sky = black
roof = stone
blank = rock
outfield = soil

; パーツ画像
━ = soil
　 = soil
／ = door
〆 = key
☗ = gate
︻ = panel
㊤ = ladderu
⑴ = bulletin
⑵ = monument

; 移動ポイント
(A) = map:地下の町ライムストーン, enter:地下街出口・西, ask:Enter town?
(B) = map:エミール平原, x:8, y:38

[map]
;---------------------------------------------------------------------------------------------------------------
;    0   1   2   3   4   5   6   7   8  
  ┏━━━━━┳━━━━━━━┓
 5┃　　　　　┃　　　　　　　┃
  ┃　　　　　┃　　　　　　　┃
 4┃　　　　　〆　　　　　　Ⓐ☗
  ┃　　　　　┃　　　　　　　┃
 3┃　　　　①】　　　　　　　┃
  ┃　　　┏━┻━┓　　　┏━┛
 2┃　　　┃			┃　　　┃
  ┃　　　┃			┃　　　┗━━━━━┓
 1┃　　　┃			┃　　　　　　　　⑵┃
  ┃　　　┃			┃　　　　　　　　　┃
 0┃㊤　　┃			┃　　　　　　　　　┃
  ┗━━━┛			┗━━━━━━━━━┛
;    0   1   2   3   4   5   6   7   8  
;---------------------------------------------------------------------------------------------------------------
[correct]

pos[2][4].e.key = o.地下の町の鍵;

[endmap]
;-------------------------------------------------------------------------------
; マップを開いた時に必ず実行されるスクリプト
[initial]

[endinitial]
;===============================================================================
;◆イベント◆

; 初期発生イベント
events = [1, 2]

;-------------------------------------------------------------------------------
*event_1
;[exp] onObjectTrigger

@notice text="Limestone Underground City"

[eventoff]
;-------------------------------------------------------------------------------
*event_2
;[exp] onObjectTrigger

@question title="There is a stone monument. Would you like to touch it?"
[eventoff cond='! tf.result']
@se f=period
@eval exp='o.大洞窟Ｂ５.setWarp(8, 0, "B", "warp")'
@eval exp='o.エミール平原.setWarp(8, 38, "E", "warp")'
@delevent

[eventoff]
;-------------------------------------------------------------------------------
