; 大洞窟

name = 大洞窟Ｂ22
insideName = Ｂ22
upper = 大洞窟Ｂ21
lower = 大洞窟Ｂ23
level = 82
bgm = shadow
margin = 1
isOutdoor = true
shadow = dark
sky = black
roof = stone
blank = rock
outfield = soild

; 各パーツ
━ = soild_h
‥ = soild
　 = soild
☐ = soild
ノ = prison
メ = prison
㊦ = ladderd

; 敵情報
monsters = スワンプデビル,ケイブデーモン,ナイトメア,エキドナ,サキュバス,見習いサキュバス

; 宝箱
box[1] = 鋼のチャクラム_u,戦いの銅鑼_u,巫女の衣装_u,リターンの巻物_u,デモニックフレアの魔法書_u,チーズ

[map]
;---------------------------------------------------------------------------------------------------------------
;    0   1   2   3   4   5   6   7   8   9  10  11  12  13  14  15  16  17  
  ┏━━━━━┳━━━━━━━┓
11┃					：　　　　　　　┃
  ┃	┏━┳━┻━━━┳━┓　┃
10┃	┃　メＥ☐☐☐☐┃	┃　┃
  		┃　┃☐☐☐☐☐┃	┃　┃
 9		┃　┃☐☐☐☐➊┃	┃　┃
  		┃　┣━━━━━┫	┃　┃
 8		┃　メＥ☐☐☐☐┃	┃　┃
  		┃　┃☐☐☐☐☐┃	┃　┃
 7		┃　┃☐☐☐☐☐┃	┃　┃
  		┃　┣━━━━━┫	┃　┃
 6		┃　メＥ☐☐☐☐┃	┃　┃
  		┃　┃☐☐☐☐☐┃	┃　┃
 5		┃　┃☐☐☐☐☐┃	┃　┃
  		┃　┣━━━━━┫	┃　┃
 4		┃　メＥ☐☐☐☐┃	┃　┃
  		┃　┃☐☐☐☐☐┃	┃　┃
 3		┃㊦┃☐☐☐☐☐┃	┃　┃
  		┗━┻━━━━━┛	┃■┃
 2												┃■┃
  												┃■┃
 1												┃■┃
  											━┛■┗━
 0									❖	■■■■■
  											━━━━━
;    0   1   2   3   4   5   6   7   8   9  10  11  12  13  14  15  16  17  
;---------------------------------------------------------------------------------------------------------------
[correct]

[endmap]
;-------------------------------------------------------------------------------
; マップを開いた時に必ず実行されるスクリプト
[initial]

[endinitial]
;===============================================================================
