; 大洞窟

name = 大洞窟Ｂ37
insideName = Ｂ37
upper = 大洞窟Ｂ36
lower = 大洞窟Ｂ38
level = 84
bgm = dungeon
margin = 1
isOutdoor = true
shadow = dark
sky = black
blank = rock
outfield = soild

; 各パーツ
━ = soild_h
‥ = soild
　 = soild
⑴ = empty
⑵ = br_vit

; 敵情報
monsters = マウンテンデビル,アビスデーモン,インキュバス,ヴァンパイアロード,サキュバス,見習いサキュバス,エルダーサキュバス,デュラハン

[map]
;---------------------------------------------------------------------------------------------------------------
;    0   1   2   3   4   5   6  
  ┏━━━━━━━━━━━━━┓
11┃　　　　　　　　　　　　　┃
  ┃　┏━━━━━━━━━┓　┃
10┃　┃									┃　┃
  ┃　┃	┏━━━━━┓	┃　┃
 9┃　┃	┃⑴　⑵　　┃	┃　┃
  ┃　┃	┃　　　　　┃	┃　┃
 8┃　┃	┃　　　　　┃	┃　┃
  ┃　┃	┃　　　　　┃	┃　┃
 7┃　┃	┃　　　　敵┃	┃　┃
  ┃　┃	┗━━━┓　┃	┃　┃
 6┃　┃					┃　┃	┃　┃
  ┃　┃					┃　┃	┃■┃
 5┃　┃					┃　┃	┃■┃
  ┃　┃					┃　┃	┃■┃
 4┃　┃					┃　┃	┃■┃
  ┣‥┫					┣‥┫	┃■┃
 3┃	┃					┃	┃	┃■┃
  ┃	┃					┃	┃	┃■┃
 2┃	┃					┃	┃	┃■┃
  												┃■┃
 1												┃■┃
  											━┛■┃
 0									❖	■■■┃
  											━━━┛
;    0   1   2   3   4   5   6  
;---------------------------------------------------------------------------------------------------------------
[correct]

[endmap]
;-------------------------------------------------------------------------------
; マップを開いた時に必ず実行されるスクリプト
[initial]

[endinitial]
;===============================================================================
;◆イベント◆

; 初期発生イベント
events = [1, 2]

;-------------------------------------------------------------------------------
*event_1
;[exp] onObjectTrigger

@delevent
@notice text="There's an item hidden inside the barrel!"
@getitem item=アンロックの魔法書

[eventoff]
;-------------------------------------------------------------------------------
*event_2
;[exp] onObjectTrigger

@barrel
@damage v=&'game.curTarget.addParam("vitality", 2)'
@notice text=&'"<p>" + game.curTarget.displayName + "<w> had Vitality permanently increased by 2!"'

[eventoff]
;-------------------------------------------------------------------------------
