;  砂漠

name = タルハ砂漠地下
insideName = Underground
upper = タルハ砂漠・峡谷
level = 35
bgm = desert
shadow = dark
sky = cloudyvalley
blank = rock
roof = black
outfield = soil

; 画像パーツ
━ = cliff
　 = sand
☐ = sand
❖ = sand
〰 = water
☖ = gate
☗ = upstair

; 敵情報
maxGroups = 2
monsters = 砂ぐも,サラマンダー,ナーガ,ラミア
traps = 毒針,酸スプレー

; 移動ポイント
(A) = map:タルハ砂漠・峡谷, x:0, y:7, way:n, symbol:exit, ask:Leave the dungeon?

; 宝箱
box[1] = トーチの魔法書_u,たいまつ_u,シルバースケイル・上_u,ポーション,強力眠気ざまし

[map]
;---------------------------------------------------------------------------------------------------------------
;    0   1   2   3   4   5   6   7   8  
  				┏━━━┳━━━━━━━━━┓
11				┃　　敵☖☐☐☐☐☐☐☐☐☐┃
  				┃　　　┃☐☐☐☐☐☐☐☐☐┃
10				┃　　　┃☐☐☐☐☐☐☐☐☐┃
  				┗━━━┫☐☐☐☐☐☐☐☐☐┃
 9								┃☐☐☐☐☐☐☐☐☐┃
  								┗━┓☐☐☐☐☐☐☐┃
 8										┃☐☐☐☐☐☐☐┃
  										┗━━━┳☖┳━┛
 7	❖												┃　┃
  ┏☗┓											┃　┃
 6┃Ⓐ┃											┃　┃
  ┃　┗━┓									┃　┃
 5┃　　　┃									┃　┃
  ┃　　　┃									┃　┃
 4┃　　　┃									┃　┃
  ┃　　　┗━━━━━━━━━┛　┃
 3┃　　　　　　　　　　　　　　　┃
  ┃　┏━━━┓〰〰〰〰〰〰〰〰〰┃
 2┃　┃			┃〰〰〰〰〰〰〰〰〰┃
  ┃　┗━┓	┗━┓〰〰〰〰〰┏━┛
 1┃敵　　┃			┃❶〰〰〰〰┃
  ┃　　　┃			┗━━━━━┛
 0┃　　　┃
  ┗━━━┛
;    0   1   2   3   4   5   6   7   8  
;---------------------------------------------------------------------------------------------------------------
[correct]

[endmap]
;-------------------------------------------------------------------------------
; マップを開いた時に必ず実行されるスクリプト
[initial]

[endinitial]
;===============================================================================
