; ワイルド・ブルの砦

name = ワイルド・ブルの砦１Ｆ
insideName = １Ｆ
upper = ワイルド・ブルの砦２Ｆ
level = 54
bgm = bad
margin = 3
shadow = dark
sky = mountain
roof = stone
outfield = soil

; パーツ画像
━ = stone
　 = marble
❖ = soil
／ = door
〆 = key
☖ = arch
☗ = gate
㊤ = ladderu

; 敵情報
maxGroups = 3
monsters = パイレーツ,キャプテン,ブッシュワッカー,バーグラー

; 移動ポイント
(A) = map:ペンスキー峠・峠道, x:0, y:7, way:e, symbol:exit, ask:Leave the dungeon?

[map]
;---------------------------------------------------------------------------------------------------------------
;    0   1   2   3   4  +1  
  ┏━━━━━━━━━┓
 4┃　　　　　　　　　┃
  ┃　┏━━━━━┓　┃
 3┃　┃　　　　　┃㊤┃
  ┃　┃　　　　　┣━┫
 2┃　〆　　　　　☖Ⓐ☗
  ┃　┃　　　　　┣━┫
 1┃　┃　　　　　┃㊤┃
  ┃　┗━━━━━┛　┃
 0┃　　　　　　　　　┃
  ┗━━━━━━━━━┛
;    0   1   2   3   4  +1  
;---------------------------------------------------------------------------------------------------------------
[correct]

pos[1][2].w.key = o.ワイルド・ブルの鍵;
pos[4][2].event = 1;

[endmap]
;-------------------------------------------------------------------------------
; マップを開いた時に必ず実行されるスクリプト
[initial]

[endinitial]
;===============================================================================
;◆イベント◆

; 初期発生イベント
events = []

;-------------------------------------------------------------------------------
*event_1
;[exp] true

; ４Ｆでの戦闘後いったん外に出て再び侵入した時にはアレックスはもういなくなっている
@delevent
@delevent map=ワイルド・ブルの砦５Ｆ num=1

[eventoff]
;-------------------------------------------------------------------------------
