; コボルドの砦

name = コボルドの砦２Ｆ
insideName = ２Ｆ
upper = コボルドの砦３Ｆ
lower = コボルドの砦１Ｆ
level = 6
bgm = hideout
margin = 1
shadow = dark
sky = forest
roof = stone

; 各種パーツ
━ = stone
✜ = stone
… = half
　 = marble
☐ = marble
△ = rock
／ = door
∫ = pick
＋ = stone
☗ = gate
㊤ = ladderu
㊦ = ladderd

; 敵情報
maxGroups = 1
monsters = コボルド,シニアコボルド
traps = 毒針,毒ガス,酸スプレー,しびれ針,魔力吸収,爆弾,スモーク

; 宝箱
box[1] = ボム,ボム,金貨（中）,金貨（中）,金貨（大）,金貨（大）
box[2] = 金貨（大）,シャムシール,聖なる杖

[map]
;---------------------------------------------------------------------------------------------------------------
;    0   1   2   3   4   5   6   7   8  
  ┏━━━━━━━━━━━━━┳━━━┓
 6┃㊦　②　②　　　　　　　　┃　　　┃
  ┣━┓　　　　　┏━━━┓　┃　　　┃
 5┃㊤┃　　①　　┃　　敵∫　┃　　敵┃
  ┃　┣━━／━━┫　　　┣✜┻━━／┫
 4┃　┃❶　△　③┃　　　┃　　　　　┃
  ┃　┃　　　　　┃　┏━┛　┏━━／┫
 3┃　┃＋　＋　③┃　┃㊦　　┃　　敵┃
  ┃　┃　　　　　┃　┗━┓　┃　　　┃
 2┃　┃　　　　　┃　　❷┃　┃　　　┃
  ┣／┻━━━━━┻━━━┻／┻━━━┫
 1￤☐☐☐☐☐☐☐☐☐☐☐☐☐☐☐☐☐￤
  ￤☐☐☐☐☐☐☐☐☐☐☐☐☐☐☐☐☐￤
 0￤☐☐☐☐☐☐☐☐☐☐☐☐☐☐☐☐☐￤
  ┗……………………………………………┛
;    0   1   2   3   4   5   6   7   8  
;---------------------------------------------------------------------------------------------------------------
[correct]

[endmap]
;-------------------------------------------------------------------------------
; マップを開いた時に必ず実行されるスクリプト
[initial]

[endinitial]
;===============================================================================
;◆イベント◆

; 初期発生イベント
events = [1, 3]

;-------------------------------------------------------------------------------
*event_1
;[exp] WAY == "s" && ! party.lastIsMove && ! party.lastIsTurn

@notice text="I can't open the door. Maybe there's something on the other side."

[eventoff]
;-------------------------------------------------------------------------------
*event_2
;[exp] ! isDemoVersion && ! isFreeMode && o.コボルド退治.accepted

@delevent
@jump storage="main05.scn" target=*kobold_3

[eventoff]
;-------------------------------------------------------------------------------
*event_3
;[exp] o.コボルド退治.accepted

@delevent
@jump storage="main05.scn" target=*kobold_4

[eventoff]
;-------------------------------------------------------------------------------
