;  ペンスキー峠

name = ペンスキー峠・崖
insideName = Cliff
level = 10
bgm = forest
external = s:4
isOutdoor = true
shadow = dark
sky = mountain
showAllArea = true

; 画像パーツ
━ = rock
‥ = soil
　 = soil
△ = rock

; 移動ポイント
(A) = map:ペンスキー峠・峠道, x:7, y:50, fall:true
(B) = map:ペンスキー峠・峠道, x:7, y:49, fall:true
(C) = map:ペンスキー峠・高台, x:2, y:1, climb:true

[map]
;---------------------------------------------------------------------------------------------------------------
;    0   1   2   3   4  
  				┏‥┓
 5				┃Ⓒ┃
  				┃　┃
 4				┃　┃
  	━━━┛　┗━━━
 3	△△△△　△△△△
  	△△△△　△△△△
 2	△△△△　△△△△
  	△△△△■△△△△
 1	△△△△■△△△△
  	△△△△■△△△△
 0	△△△△■△△△△
  					▲
-1
  
-2
  
-3
  
-4
  
;    0   1   2   3   4  
;---------------------------------------------------------------------------------------------------------------
[correct]

pos[2][1].f.warp = "A";
pos[2][0].f.warp = "B";

[endmap]
;-------------------------------------------------------------------------------
; マップを開いた時に必ず実行されるスクリプト
[initial]

[endinitial]
;===============================================================================
