; 縦穴

name = 縦穴Ｂ４
insideName = Ｂ４
upper = 縦穴Ｂ３
lower = 縦穴Ｂ５
level = 36
bgm = evil
margin = 1
shadow = dark
sky = black
blank = rock
outfield = soil

; パーツ画像
━ = soil_h
‥ = soil
　 = soil
⑴ = br_int

; 敵情報
maxGroups = 2
monsters = 砂ぐも,ブラックウィドウ

[map]
;----------------------------------------------------------------------------------------------------------------------
;    0   1   2   3   4   5   6  
  
 7	❖
  ┏━━━┳━━━━━━━┳━┓
 6┃			：■■■■■■　：	┃
  ┣‥‥‥┛■■■■■■■┗‥┫
 5┃■■■■■■■■■■■■■┃
  ┃■┏━┳‥┓■┏‥┓■■■┃
 4┃　┃	┃	：⑴：	：■■　┃
  ┃■┗━┻‥╋━┻━┫■■■┃
 3┃■■■■■┃			┃■■■┃
  ┣‥┓■┏━╋━┳━┫■■■┃
 2┃	：■┃	┃■：	：■■■┃
  ┣‥┛■┗━┛■┗‥╋━┳‥┫
 1┃■■■■■■■■■┃	┃	┃
  ┣‥‥‥┓■■■■■┗━┫	┃
 0┃			：■■　■■■　：	┃
  ┗━━━┻━━━━━━━┻━┛
;    0   1   2   3   4   5   6  
;----------------------------------------------------------------------------------------------------------------------
[correct]

[endmap]
;-------------------------------------------------------------------------------
; マップを開いた時に必ず実行されるスクリプト
[initial]

[endinitial]
;===============================================================================
;◆イベント◆

; 初期発生イベント
events = [1]

;-------------------------------------------------------------------------------
*event_1
;[exp] onObjectTrigger

@barrel
@damage v=&'game.curTarget.addParam("intellect", 2)'
@notice text=&'"<p>" + game.curTarget.displayName + "<w> had Intelligence permanently increased by 2!"'

[eventoff]
;-------------------------------------------------------------------------------
