; 縦穴

name = 縦穴Ｂ１
insideName = Ｂ１
lower = 縦穴Ｂ２
level = 36
bgm = evil
margin = 1
external = e:2
shadow = dark
sky = cloudywild
blank = rock
outfield = sand
effect = PE_sandstorm
sound = blizzard2

; パーツ画像
━ = rock
　 = sand
〰 = water
△ = rock
㊦ = ladderd
⑴ = empty

; 敵情報
maxGroups = 2
monsters = 砂ぐも,ブラックウィドウ

; 移動ポイント
(A) = map:タルハ砂漠・南, x:9, y:52, symbol:exit, ask:Leave the dungeon?

[map]
;----------------------------------------------------------------------------------------------------------------------
;    0   1   2   3   4   5   6  +1  +2  
  ┏━┓
 7┃㊦┃
  ┃　┗━━━━━━━━━━━┓
 6┃　△△△△△　　　　　　　┃	┃　┃
  ┃　△△△△△　　　　　　　┗━┛　┃
 5┃Ｖ△△△　　　　　　　　Ⓐ▲　　　┃
  ┃　△△△△△△△　△△△△┏━━━┛
 4┃Ｖ△△△△△△△　△△△△┃				
  ┃　△△△△△△△■△△△△┃
 3┃　　　△△△■■■△△△△┃
  ┃　　　△△△■△△△△△△┃
 2┃　　　△△△　△△△■■■┃
  ┃　　　△△△　△△△■■■┃
 1┃　　　△△△　△△△　　　┃
  ┃　　　△△△〰△△△　　　┃
 0┃⑴　　　　〰〰〰　　　　　┃
  ┗━━━━━━━━━━━━━┛
;    0   1   2   3   4   5   6  +1  +2  
;----------------------------------------------------------------------------------------------------------------------
[correct]

[endmap]
;-------------------------------------------------------------------------------
; マップを開いた時に必ず実行されるスクリプト
[initial]

if(! loading && ! o.クイーンスパイダー.contracted) o.縦穴Ｂ６.events.push2(1);

[endinitial]
;===============================================================================
;◆イベント◆

; 初期発生イベント
events = [1]

;-------------------------------------------------------------------------------
*event_1
;[exp] onObjectTrigger

@delevent
[texton]
There's an item hidden inside the barrel![k]
[textoff]
@getitem item=５連泊券

[eventoff]
;-------------------------------------------------------------------------------
