; 沼地の廃墟

name = 沼地の廃墟Ｂ２
insideName = Ｂ２
upper = 沼地の廃墟Ｂ１
lower = 沼地の廃墟Ｂ３
pool = 沼地の廃墟Ｂ２水中
level = 44
bgm = shrine
margin = 1
shadow = dark
roof = stone
sky = black
outfield = marble
blank = rock

; パーツ画像
━ = stoneg
… = halfg
　 = grass
～ = pool
〰 = pool
☖ = arch
⧻ = stonegate
㊤ = ladderu
㊦ = ladderd
⑴ = monument

; 敵情報
maxGroups = 2
monsters = ローパー,フェアリー,ウィルオーウィスプ,マーメイド
traps = 石つぶて,毒針,毒ガス,しびれ針,酸スプレー,ラミアの瞳,スモーク,亡霊の群れ,警報

[map]
;---------------------------------------------------------------------------------------------------------------
;    0   1   2   3   4   5   6   7   8   9  10  11  12  13  14  15  
  ┏━━━┳━━━━━┳━━━━━┳━━━━━┳━━━━━━━━━┓
10┃∨～∨┃　　　　　☖　　　　　☖　　　　　￤㊤　　　　　　　　┃
  ┃～～～┃　～～～　┃～～　～～┃　　　　　￤　　　～～～～～　┃
 9┃∨～∨┃　～～～　┃～～　～～┃　　　　　￤　　　～～～～～　┃
  ┃～～～┃　～～～　┃～～　～～┣━━☖━━╋━━━━━┓～～　┃
 8┃∨～∨┃㊤～～～　┃～～　～～┃　　敵　　┃～～　　　┃～～　┃
  ┃～～～┣……………┫～～　～～┃　　　　　┃～～　　　┃～～　┃
 7┃∨～∨┃　　　　㊦┃～～　～～┃　　　　　┃～～　　　┃～～　┃
  ┃～～～┃　　　　　┃～～　～～┃　　　　　┃～～～～　┃～～　┃
 6┃∨～∨┃　　　　　┃～～　～～┃　　　　　┃～～～～　┃～～　┃
  ┃～～～┣☖━━━━┫～～　～～┣━━☖━━╋━━━━☖┫～～　┃
 5┃∨～∨┃②　　　　┃～～　～～┃　　　　　┃　　　　　┃～～　┃
  ┃～～～┃　　　　　┃～～　～～┃　　　　　┃　　　　　┃～～　┃
 4┃∨～∨┃　　②　　┃～～　～～┃　　　　　☖敵　　　　┃～～　┃
  ┃～～～┣━━☖━━┻━━⧻━━╋……………┻━━━━━┛～～　┃
 3┃∨～∨┃　　　　　　　　　　　￤⑴　　～～～～～～～～～～～　┃
  ┃～～～┃　　　　　　　　　　　￤　　　～～～～～～～～～～～　┃
 2┃∨～∨┃　　　　　　　　　　　￤　　　　　　　　　　　　　　　┃
  ┃～～～┗━━━━━━━━━━━┻━━━━━━━━━━━━━━━┫
 1┃∨～≫～≫～≫～≫～≫～≫～≫～≫～≫～≫～≫～≫～≫■■■■┃
  ┃～～～～～～～～～～～～～～～～～～～～～～～～～～～■■■■┃
 0┃≫～≫～≫～≫～≫～≫～≫～≫～≫～≫～≫～≫～≫～≫■■■■┃
  ┗━━━━━━━━━━━━━━━━━━━━━━━━━━━━━━━┛
;    0   1   2   3   4   5   6   7   8   9  10  11  12  13  14  15  
;---------------------------------------------------------------------------------------------------------------
[correct]

for(var i = 0; i <= 1; i++){ pos[14][i].f.trap = "moveByForce"; pos[14][i].f.way = "e";}

[endmap]
;-------------------------------------------------------------------------------
; マップを開いた時に必ず実行されるスクリプト
[initial]

if(! loading) events.push2(2);
if(game.party.curX <= 1 && game.party.curY >= 9) game.party.setCurPos(,, "s");

[endinitial]
;===============================================================================
;◆イベント◆

; 初期発生イベント
events = [1, 2]

;-------------------------------------------------------------------------------
*event_1
;[exp] onObjectTrigger

@question title="There is a stone monument. Would you like to touch it?"
[eventoff cond='! tf.result']
@wait time=500
@playse storage=tremble
@quake time=3000 hmax=5 vmax=0
@wq
@playse storage=rockdrop
@changewall x=6 y=4 way=s himg=arch type=space behind=true
@wait time=800
@notice text="I heard the sound of something heavy moving somewhere!"
@delevent

[eventoff]
;-------------------------------------------------------------------------------
*event_2
;[exp] true

@callbattle normal=true

[eventoff]
;-------------------------------------------------------------------------------
