; 沼地の廃墟

name = 沼地の廃墟Ｂ３水中
insideName = B3 Underwater
upper = 沼地の廃墟Ｂ３
level = 44
bgm = shrine
isOutdoor = true
underWater = true
shadow = dark
sky = deepwater
roof = black
blank = rock
effect = PE_water_bubble

; パーツ画像
━ = stoneg
ᆖ = stoneg
－ = black
　 = grass
☐ = black
☖ = gate
﹃ = ladder

; 敵情報
maxGroups = 1
monsters = 海ヘビ,アネモネ,ウンディーネ
traps = 石つぶて,毒針,毒ガス,しびれ針,酸スプレー,ラミアの瞳,スモーク,亡霊の群れ,警報

; 宝箱
box[1] = 支えの盾_u,マルチヒールの魔法書_u,毒消しの花,盗賊の手袋_u,金貨（小）

[map]
;---------------------------------------------------------------------------------------------------------------
;    0   1   2   3   4   5   6   7   8   9  10  11  
  ┏━━━━━━━━━━━━━━━━━━━━━━━┓
11‖　　　　　　　　　　　　　　　　　　　　　　　‖
  ┃　┏━━━━━━━━━━━━━━━━━┳☖┳━┛
10┃　』																	ⅼ☐ⅼ
  ┃　┃															┏━┻☖┫
 9┃　┃															┃　　　┃
  ┗━┛															┃　　　┃
 8																		『　　　┃
  																		┃　　　┃
 7																		┃　　　┃
  																		┗━━━┛
 6
  		┏━┳－┳﹃┓
 5		┃　☖❶ⅼ　┃
  		┃　┣－┫　┃
 4		┃　┃	┃　┃
  		┃　┃	┃　┃
 3		┃　┃	┃　┃
  		┃　┣－┫　┃													┏━┓
 2		┃　☖☐☖　┃													┃　┃
  		┃　┣－┻━┛					┏━━━━━━━┛　┃
 1		┃　┃									┃　　　　　　　　　┃
  		┗━┛									┗━━━━━━━━﹄┛
 0
  
;    0   1   2   3   4   5   6   7   8   9  10  11  
;---------------------------------------------------------------------------------------------------------------
[correct]

pos[10][10].n.img = pos[10][10].s.img = "black";
pos[10][10].n.himg = pos[10][10].s.himg = void;
pos[2][5].w.img = pos[2][2].w.img = pos[2][2].e.img = "black";
pos[2][5].w.himg = pos[2][2].w.himg = pos[2][2].e.himg = void;
pos[3][5].w.img = "stoneg";
pos[2][5].f.img = "black";

[endmap]
;-------------------------------------------------------------------------------
; マップを開いた時に必ず実行されるスクリプト
[initial]

[endinitial]
;===============================================================================
