; 果樹園の地下

name = モイーズ湿地帯・地下
insideName = Underground
upper = モイーズ湿地帯・果樹園
level = 18
bgm = evil
roof = stone
shadow = dark
sky = black
outfield = soil
blank = rock
blind = darkness

; 画像パーツ
━ = soil
　 = soil
﹃ = ladder

; 敵情報
battleRate = 0.1
maxGroups = 1
monsters = 殺人バチ,人食いバチ
traps = 毒針,しびれ針

; 宝箱
box[1] = 毒消しの花,毒消しの花,毒消しの花,毒消しの花,毒消しの花,麻痺治療薬,麻痺治療薬,はちみつパン,はちみつパン
box[2] = 清浄の指輪_u,スパイククラブ,毒消しの花,麻痺治療薬,麻痺治療薬,はちみつパン,はちみつパン,はちみつパン

[map]
;---------------------------------------------------------------------------------------------------------------
;    0   1   2   3   4  
  				┏﹃┓
21				┃　┃
  				┃　┃
20				┃　┃
  				┃　┃
19				┃　┃
  				┃　┃
18				┃　┃
  				┃　┃
17				┃　┃
  		┏━┛　┗━┓
16		┃　　　　　┃
  		┃　┏━┓　┃
15		┃　┃	┃　┃
  		┃　┃	┃　┗━┓
14		┃　┃	┃敵　　┃
  		┃　┃	┃　　　┃
13		┃　┃	┃　　　┃
  		┃　┃	┗━┓　┃
12		┃　┃			┃❶┃
  		┃　┗━┓	┗━┛
11		┃　　　┃
  		┗━┓　┃
10				┃　┃
  				┃　┃
 9				┃　┃
  				┃　┃
 8				┃　┃
  				┃　┗━┓
 7				┃　　　┃
  ┏━━━┛　　　┃
 6┃　　敵　　　　┃
  ┃　　　┏━┓　┃
 5┃　　　┃	┃　┃
  ┃　┏━┛	┃　┃
 4┃　┃			┃　┃
  ┃　┃	┏━┛　┃
 3┃　┃	┃　　　┃
  ┃　┃	┃　┏━┛
 2┃　┃	┃　┃
  ┃　┃	┗﹄┛
 1┃　┃
  ┃　┗━┓
 0┃　　❷┃
  ┗━━━┛
;    0   1   2   3   4  
;---------------------------------------------------------------------------------------------------------------
[correct]

[endmap]
;-------------------------------------------------------------------------------
; マップを開いた時に必ず実行されるスクリプト
[initial]

[endinitial]
;===============================================================================
