; 湿地帯

name = モイーズ湿地帯・東の沼地
insideName = East Swamp
level = 20
bgm = forest
isOutdoor = true
shadow = dark
sky = rainy
outfield = soil
blank = rock
effect = PE_rain

; 画像パーツ
━ = stone
－ = stoneg
　 = soil
◇ = marble
❖ = soil
〓 = wood
〰 = pond
⏃ = woods
⏁ = pedestal
△ = rock
☗ = gate
⑴ = bulletin
⑵ = bulletin
⑶ = monument
⑷ = br_str

; 敵情報
maxGroups = 2
monsters = スパイ,シューター,スナイパー,オークソルジャー,ピクシー
traps = 石つぶて,毒針,毒ガス,しびれ針,爆弾,魔力吸収,酸スプレー,スモーク

; 移動ポイント
(A) = map:モイーズ湿地帯・西の沼地, x:39 ,y:10, way:w, symbol:moveh, ask:Go to the next map?
(B) = map:モイーズ湿地帯・西の沼地, x:39 ,y:7, way:w, symbol:moveh, ask:Go to the next map?
(C) = map:モイーズ湿地帯・死霊の森, x:16 ,y:59, way:s, symbol:movev, ask:Go to the next map?
(D) = map:沼地の廃墟Ｂ１, x:6, y:0, way:n, symbol:cave, ask:Go to the dungeon?
(E) = map:水竜の神殿Ｂ１, x:16, y:0, way:e, symbol:cave, ask:Go to the dungeon?

; 宝箱
box[1] = フレイムソード_u,魔法使いの弓_u,魔導士の杖_u,精力剤,精力剤
box[2] = リムーブカースの魔法書_u,アシッドバーストの魔法書_u,狂気のハープ_u,トリプルロッド_u,ボム
box[3] = マジカルボートの巻物
box[4] = マジカルボートの巻物

[map]
;---------------------------------------------------------------------------------------------------------------
;    0   1   2   3   4   5   6   7   8   9  10  11  12  13  14  15  16  17  18  19  
  	－－－－－－☗－－－－－－
31	⏃⏃　　　　Ⓓ　　　　⏃⏃					⏃⏃⏃⏃⏃⏃⏃					⏃⏃❖⏃⏃
  	⏃⏃〰〰〰〰〰〰〰〰〰⏃⏃					⏃⏃⏃⏃⏃⏃⏃					⏃⏃	⏃⏃
30	⏃⏃〰〰〰〰〰〰〰〰〰⏃⏃	⏃⏃⏃⏃⏃⏃　　❶⏃⏃					⏃⏃❖⏃⏃
  	⏃⏃〰〰〰〰〰〰〰〰〰⏃⏃	⏃⏃⏃⏃⏃⏃　　　⏃⏃					⏃⏃	⏃⏃
29	⏃⏃　　　　　　　　　⏃⏃	⏃⏃　　　　　　　⏃⏃					⏃⏃❖⏃⏃
  	⏃⏃⏃⏃　　　　　⏃⏃⏃⏃	⏃⏃　⏃⏃⏃⏃⏃⏃⏃⏃					⏃⏃	⏃⏃
28	⏃⏃⏃⏃　　　　　⏃⏃⏃⏃	⏃⏃　⏃⏃⏃⏃⏃⏃⏃⏃					⏃⏃❖⏃⏃
  			⏃⏃　　　　　⏃⏃			⏃⏃　⏃⏃
27			⏃⏃　　　　　⏃⏃			⏃⏃　⏃⏃			⏃⏃⏃⏃⏃⏃⏃⏃⏃⏃⏃⏃⏃
  			⏃⏃⏃⏃　⏃⏃⏃⏃			⏃⏃⏆⏃⏃			⏃⏃⏃⏃⏃⏃⏃⏃⏃⏃⏃⏃⏃
26			⏃⏃⏃⏃　⏃⏃⏃⏃⏃⏃⏃⏃⏃⏆⏃⏃⏃⏃⏃⏃⏃〰〰〰〰〰〰〰〰〰⏃⏃⏃⏃
  					⏃⏃　⏃⏃⏃⏃⏃⏃⏃⏃⏃⏆⏃⏃⏃⏃⏃⏃⏃〰〰〰〰〰〰〰〰〰⏃⏃⏃⏃
25					⏃⏃　⏃⏃⏃　　　　　〰〰〰〰〰〰〰〰〰〰〰〰〰〰〰〰〰〰〰〰⏃⏃⏃⏃
  					⏃⏃　⏃⏃⏃〰〰〰〰〰〰〰〰〰〰〰〰〰〰〰〰〰〰〰〰〰〰〰〰〰⏃⏃⏃⏃
24			⏃⏃⏃⏃　　　〰〰〰〰〰〰〰〰〰〰〰〰〰〰〰〰〰〰〰〰〰〰〰〰〰〰〰〰⏃⏃
  			⏃⏃⏃⏃〰〰〰〰〰〰〰〰〰〰〰〰〰〰〰〰〰〰〰┏━━━┓〰〰〰〰〰〰〰⏃⏃
23	⏃⏃⏃⏃　〰〰〰〰〰〰〰〰〰〰〰〰〰〰〰〰〰〰〰⏁┃			┃〰〰〰〰〰〰〰⏃⏃
  	⏃⏃⏃⏃〰〰〰〰〰〰〰〰〰〰〰〰〰〰〰〰〰〰〰〰　┃			┃〰〰〰〰〰〰〰⏃⏃
22	⏃⏃　〰〰〰〰〰〰〰〰〰〰〰〰〰〰〰〰〰〰〰〰〰Ⓔ☗			┃〰〰〰〰〰〰〰⏃⏃
  	⏃⏃　〰〰〰〰〰〰〰〰〰〰〰〰〰〰〰〰〰〰〰〰〰　┃			┃〰〰〰〰〰〰〰⏃⏃
21	⏃⏃　〰〰〰〰〰〰〰〰〰〰〰〰〰〰〰〰〰〰〰〰〰⏁┃			┃〰〰〰〰〰〰〰⏃⏃
  	⏃⏃　〰〰〰〰〰〰〰〰〰〰〰〰〰〰〰〰〰〰〰〰〰〰┗━━━┛〰〰〰〰〰〰〰⏃⏃
20	⏃⏃　〰〰〰〰〰〰〰〰〰〰〰　　　〰〰〰〰〰〰〰〰〰〰〰〰〰〰〰〰〰〰〰〰⏃⏃
  	⏃⏃⏃⏃〰〰〰〰〰〰〰〰〰〰　　　〰〰〰〰〰〰〰〰〰〰〰〰〰〰〰〰〰〰⏃⏃⏃⏃
19	⏃⏃⏃⏃　〰〰〰〓〰〰〰〰〰　　　〰〰〰〰〰〰〰〰〰〰〰〰〰〰〰〰〰〰⏃⏃⏃⏃
  			⏃⏃⏃⏃〰〰〓〰〰〰〰〰　⏃⏃⏃⏃⏃〰〰〰〰〰〰〰〰〰〰〰〰〰〰〰⏃⏃
18			⏃⏃⏃⏃〰〰〓〰〰〰　　　⏃⏃⏃⏃⏃〰〰〰〰〰〰〰〰〰〰〰〰〰〰〰⏃⏃
  					⏃⏃〰〰〓〰〰〰　⏃⏃⏃⏃	⏃⏃⏃⏃⏃⏃〰〰〰〰〰〰〰〰〰⏃⏃⏃⏃
17					⏃⏃⑴　　　　　　⏃⏃⏃⏃	⏃⏃⏃⏃⏃⏃〰〰〰〰〰〰〰〰〰⏃⏃⏃⏃
  					⏃⏃　　　　　⏃⏃⏃⏃							⏃⏃⏃⏃⏃⏃⏃⏃⏃⏃⏆⏃⏃
16					⏃⏃　　　　　⏃⏃⏃⏃							⏃⏃⏃⏃⏃⏃⏃⏃⏃⏃⏆⏃⏃⏃⏃⏃⏃
  					⏃⏃⏃⏃　⏃⏃⏃⏃																	⏃⏃⏆⏃⏃⏃⏃⏃⏃
15					⏃⏃⏃⏃　⏃⏃⏃⏃																	⏃⏃　　　　❸⏃⏃
  							⏃⏃　⏃⏃																			⏃⏃　　　　　⏃⏃
14							⏃⏃　⏃⏃			⏃⏃⏃⏃⏃⏃⏃⏃⏃⏃⏃⏃⏃⏃⏃	⏃⏃　　　　　⏃⏃
  							⏃⏃　⏃⏃			⏃⏃⏃⏃⏃⏃⏃⏃⏃⏃⏃⏃⏃⏃⏃	⏃⏃　　　　　⏃⏃
13							⏃⏃　⏃⏃	⏃⏃⏃⏃〰〰〰〰〰〰〰〰〰〰〰⏃⏃	⏃⏃　　⑶　　⏃⏃
  							⏃⏃　⏃⏃	⏃⏃⏃⏃〰〰〰〰〰〰〰〰〰〰〰⏃⏃	⏃⏃⏃⏃⏃⏃⏃⏃⏃
12							⏃⏃　⏃⏃	⏃⏃〰〰〰〰〰〰〰〰〰〰〰〰〰⏃⏃	⏃⏃⏃⏃⏃⏃⏃⏃⏃
  							⏃⏃　⏃⏃	⏃⏃〰〰〰〰〰⏃⏃⏃〰〰〰⏃⏃⏃⏃
11	⏃⏃⏃⏃⏃⏃⏃⏃　⏃⏃	⏃⏃〰〰〰〰〰⏃⏃⏃〰〰〰⏃⏃⏃⏃			⏃⏃⏃⏃⏃⏃⏃
  	⏃⏃⏃⏃⏃⏃⏃⏃　⏃⏃	⏃⏃〰〰〰⏃⏃⏃⏃⏃⏃⏃〰⏃⏃					⏃⏃⏃⏃⏃⏃⏃
10▲Ⓐ　　　　　　　　⏃⏃	⏃⏃❹　　⏃⏃⏃⏃⏃⏃⏃〓⏃⏃					❖	❖	❖	❖
  	⏃⏃⏃⏃⏃⏃⏃⏃⏃⏃⏃	⏃⏃　　　⏃⏃			⏃⏃〓⏃⏃					⏃⏃⏃⏃⏃⏃⏃
 9	⏃⏃⏃⏃⏃⏃⏃⏃⏃⏃⏃	⏃⏃⑷　❷⏃⏃			⏃⏃　⏃⏃					⏃⏃⏃⏃⏃⏃⏃
  													⏃⏃⏃⏃⏃⏃⏃			⏃⏃　⏃⏃
 8	⏃⏃⏃⏃⏃⏃⏃⏃⏃⏃⏃	⏃⏃⏃⏃⏃⏃⏃			⏃⏃　⏃⏃					⏃⏃⏃⏃⏃⏃⏃
  	⏃⏃⏃⏃⏃⏃⏃⏃⏃⏃⏃											⏃⏃　⏃⏃					⏃⏃⏃⏃⏃⏃⏃
 7▲Ⓑ　　　　　　〰〰⏃⏃⏃⏃⏃⏃⏃⏃⏃⏃			⏃⏃　⏃⏃⏃⏃			❖	❖	❖	❖
  	⏃⏃⏃⏃⏃⏃　〰〰⏃⏃⏃⏃⏃⏃⏃⏃⏃⏃			⏃⏃　⏃⏃⏃⏃			⏃⏃⏃⏃⏃⏃⏃
 6	⏃⏃⏃⏃⏃⏃　〰〰〰〰〰〰〰〰〰〰⏃⏃⏃⏃⏃⏃⏃　　　⏃⏃			⏃⏃⏃⏃⏃⏃⏃
  					⏃⏃　〰〰〰〰〰〰〰〰〰〰⏃⏃⏃⏃⏃⏃⏃　　　⏃⏃
 5					⏃⏃　〰〰〰〰〰〓〓〓〓〓　　　　　　　　　⑵⏃⏃⏃⏃⏃⏃⏃⏃
  					⏃⏃　〰〰〰〰〰〰⏃⏃⏃⏃⏃⏃⏃⏃⏃⏃⏃　　　⏃⏃⏃⏃⏃⏃⏃⏃
 4					⏃⏃　〰〰〰〰〰〰⏃⏃⏃⏃⏃⏃⏃⏃⏃⏃⏃　　　　　　　　　⏃⏃
  					⏃⏃　〰〰〰〰〰〰⏃⏃							⏃⏃⏃⏃⏃⏃⏃⏃⏃⏃　⏃⏃
 3					⏃⏃　　　　　　　⏃⏃							⏃⏃⏃⏃⏃⏃⏃⏃⏃⏃　⏃⏃
  					⏃⏃⏃⏃⏃⏃⏃⏃⏃⏃⏃															⏃⏃　⏃⏃
 2					⏃⏃⏃⏃⏃⏃⏃⏃⏃⏃⏃															⏃⏃　⏃⏃
  																															⏃⏃　⏃⏃
 1																															⏃⏃　⏃⏃
  																															⏃⏃　⏃⏃
 0																															⏃⏃Ⓒ⏃⏃
  																																	▲
;    0   1   2   3   4   5   6   7   8   9  10  11  12  13  14  15  16  17  18  19  
;---------------------------------------------------------------------------------------------------------------
[correct]

pos[3][31].n.img = "stoneg";
pos[12][22].e.himg = "downstair";
pos[3][31].event = pos[12][22].event = 5;

[endmap]
;-------------------------------------------------------------------------------
; マップを開いた時に必ず実行されるスクリプト
[initial]

[endinitial]
;===============================================================================
;◆イベント◆

; 初期発生イベント
events = [1, 2, 3, 4]

;-------------------------------------------------------------------------------
*event_1
;[exp] onObjectTrigger

@roadguide n="Swamp Ruins" e="Water Dragon Temple"

[eventoff]
;-------------------------------------------------------------------------------
*event_2
;[exp] onObjectTrigger

@roadguide s="Dead Forest"

[eventoff]
;-------------------------------------------------------------------------------
*event_3
;[exp] onObjectTrigger || (onUseEventItem && [o.エレメントプレート・土, o.エレメントプレート・水, o.エレメントプレート・火, o.エレメントプレート・風].has(game.curItem))

@eval exp='tf.temp = "eastSlotOnMonument"'
@jump storage="maze.map" target=*_set_plate_on_monument

[eventoff]
;-------------------------------------------------------------------------------
*event_4
;[exp] onObjectTrigger

@barrel
@damage v=&'game.curTarget.addParam("power", 2)'
@notice text=&'"<p>" + game.curTarget.displayName + "<w> had Strength permanently increased by 2!"'

[eventoff]
;-------------------------------------------------------------------------------
*event_5
;[exp] party.lastIsMove

; イベント時の移動制限。ダンジョンに入れないようにする
[texton]
[テオ f=06]「We should go somewhere else.」[k]
[textoff]
@walk move=s cond='game.party.curY == 22'
@walk move=e cond='game.party.curY == 31'

[eventoff]
;-------------------------------------------------------------------------------
