; 王の墓

name = 王の墓Ｂ１
insideName = Ｂ１
upper = 王の墓１Ｆ
lower = 王の墓Ｂ２
level = 18
bgm = tomb
margin = 1
isOutdoor = true
roof = stone
shadow = dark
sky = black
blank = rock
outfield = marble

; パーツ画像
━ = stoney_h
― = stoney_h
－ = stoney
　 = marble
☐ = marble
〼 = marble
／ = door
☖ = arch
☗ = upstair
上 = ladderu
下 = ladderd

; 敵情報
maxGroups = 2
monsters = ゾンビ,スケルトン,シャドウ
traps = 石つぶて,毒針,毒ガス,しびれ針,爆弾,魔力吸収,酸スプレー,ラミアの瞳,スモーク,亡霊の群れ,媚薬の霧,死神の鎌,下着スリ,淫魔の触手,グラビティ,テレポート,警報

; 移動ポイント
(A) = map:タルハ砂漠・北, x:12, y:18, way:n, symbol:exit ,ask:Leave the dungeon?

[map]
;---------------------------------------------------------------------------------------------------------------
;    0   1   2   3   4   5   6   7   8   9  10  11  12  13  14  15  16  17  18  19  20  21  22  23  24  
  				┏☗┓
24				ⅼⓐⅼ
  ┏━━━┻☖┻━━━┓
23┃■■■■　■■■■┃
  ┃■■■■　■■■■┃
22┃■■■■　■■■■┃
  ┃■┏━┓　┏━┓■┃
21┃■┃	┃　←下┃■┃
  ┃■┗━┛〼┗━┛■┃
20┃■■■■〼■■■■┃
  ┃■■■■〼■■■■┃
19┃■■■■〼■■■■┃
  ┃■┏━┓〼┏━┓■┃
18┃■┃	┃　┃	┃■┃
  ┃■┗━┛　┗━┛■┃
17┃■■■■　■■■■┃
  ┃■■■■　■■■■┃
16┃■■■■　■■■■┃
  ┃■┏━┓　┏━┓■┃
15┃■┃	┃　┃	┃■┃
  ┃■┗━┛　┗━┛■┃
14┃■■■■　■■■■┃
  ┃■■■■　■■■■┃
13┃■■■■　■■■■┃
  ┃■┏━┓　┏━┓■┃
12┃■┃	┃　┃	┃■┃
  ┃■┗━┛　┗━┛■┣－－－┓
11┃■■■■　■■■■☖☐☐☐ⅼ
  ┃■■■■　■■■■┣－┓☐ⅼ
10┃■■■■　■■■■┃	ⅼ☐ⅼ
  ┃■┏━┓　┏━┓■┃	ⅼ☐ⅼ
 9┃■┃	┃　┃	┃■┃	ⅼ☐ⅼ
  ┃■┗━┛　┗━┛■┃	ⅼ☐ⅼ
 8┃■■■■　■■■■┃	ⅼ☐ⅼ
  ┃■■■■　■■■■┃	ⅼ☐ⅼ
 7┃■■■■　■■■■┃	ⅼ上ⅼ
  ┃■┏━┓　┏━┓■┃	┗－┛
 6┃■┃	┃　┃穴┃■┃
  ┃■┗━┛　┗―┛■┃
 5┃■■■■　■■■■┃
  ┃■■■■　■■■■┃
 4┃■■■■　■■■■┃
  ┃■┏━┓　┏━┓■┃
 3┃■┃	┃　┃	┃■┃
  ┃■┗━┛　┗━┛■┃
 2┃■■■■　■■■■┃
  ┃■■■■　■■■■┃	┏━┓
 1┃■■■■　■■■■┃	┃■┃
  ┗━━━┳☖┳━━━┛	┃■┃
 0				ⅼ下ⅼ					┃■┃
  				┗－┛					┗━┛
;    0   1   2   3   4   5   6   7   8   9  10  11  12  13  14  15  16  17  18  19  20  21  22  23  24  
;---------------------------------------------------------------------------------------------------------------
[correct]

pos[4][11].e.secret = "illusion";

[endmap]
;-------------------------------------------------------------------------------
; マップを開いた時に必ず実行されるスクリプト
[initial]

[endinitial]
;===============================================================================
