; 王の墓

name = 王の墓Ｂ３
insideName = Ｂ３
upper = 王の墓Ｂ２
lower = 王の墓Ｂ４
level = 20
bgm = tomb
margin = 1
roof = stone
shadow = dark
sky = black
outfield = marble
blank = rock

; パーツ画像
━ = stoney
　 = marble
／ = door
︻ = panel
㊤ = ladderu
㊦ = ladderd

; 敵情報
maxGroups = 2
monsters = スケルトン,スケルトンガード,グール,レイス
traps = 石つぶて,毒針,毒ガス,しびれ針,酸スプレー,ラミアの瞳,スモーク,亡霊の群れ,警報

; 宝箱
box[1] = 踊り子の服・上_u,沈黙の指輪_u,錆びた小手_u,ミスリルの砂,ボム,精霊の縫い糸,経験のコイン（中）
box[2] = 罠はない,水の腕輪,銀のブーツ,銀の小手,粉砕のメイス,善の盾_u

[map]
;---------------------------------------------------------------------------------------------------------------
;    0   1   2   3   4  
  ┏━━━━━━━━━┓
 9┃　　　　❷　　　　┃
  ┃　　　　　　　　　┃
 8┃　　　　　　　　　┃
  ┣━━︻━／━━━━┫
 7┃　　①　　　　　　┃
  ┃　　　　　┏━┓　┃
 6┃　　　　　┃　┃　┃
  ┃　┏↑━━┫　┃　┃
 5┃　┃　　　┃　┃　┃
  ┃　┃　　　┃　┃　┃
 4┃　┃　　　┃　┃　┃
  ┃　┗━┳／┛　┃　┃
 3┃　　㊤┃　　　┃　┃
  ┣━━━┻／┓　┃　┃
 2┃　　　　敵┃　┃　┃
  ┃　　　　　┃　┃　┃
 1┃❶　　　　┃　┃　┃
  ┣━━━━━┻━┛　┃
 0┃㊦　　　　　　　　┃
  ┗━━━━━━━━━┛
;    0   1   2   3   4  
;---------------------------------------------------------------------------------------------------------------
[correct]

[endmap]
;-------------------------------------------------------------------------------
; マップを開いた時に必ず実行されるスクリプト
[initial]

[endinitial]
;===============================================================================
;◆イベント◆

; 初期発生イベント
events = [1]

;-------------------------------------------------------------------------------
*event_1
;[exp] onObjectTrigger

@notice text="Treasure Trove"

[eventoff]
;-------------------------------------------------------------------------------
