; ラドミラの塔

name = ラドミラの塔20Ｆ
insideName = 20Ｆ
upper = ラドミラの塔21Ｆ
lower = ラドミラの塔19Ｆ
level = 68
bgm = tower
margin = 3
shadow = dark
sky = nightforest
roof = stone
antiWarp = true

; パーツ画像
━ = stone_h
… = half
　 = marble
☐ = marble
☷ = block
／ = door
⧻ = fence
☖ = arch
︻ = panel
┯ = button
㊤ = ladderu
㊦ = ladderd

; 敵情報
monsters = ナイトインプ,インキュバス,マウンテンデビル,アビスデーモン,エリートトロール,エルダーサキュバス

[map]
;---------------------------------------------------------------------------------------------------------------
;    0   1   2   3   4   5   6   7   8  
  		┏━━━━━━━━━━━━━┳…┓
 8		【②　　　　　　　　　　　　／☐￤
  		┣━┓■■■■■■■■■■■┃☐￤
 7		┃㊦┃■■■■■■■■■■■┃☐￤
  		┃　┃■■■■■■■■■■■┃☐￤
 6		┃　┃■■■■■■■■■■■┃☐
  		┃　┃■■■┏━┓■■■■■┃☐
 5		┃　┃■■■┃☷┃■■■■■┃☐
  		┃　┃■■■┗━┛■■■■■┃☐
 4		┃　┃■■■■■■■■■■■／☐
  		┃　┃■■■■■■■■■■■┃☐
 3		┃㊤┃■■■■■■■■■■■┃☐
  		┣━┻━━━┳☖━━━━━━┫☐
 2		┠①　　　㊦┃　　　　　　㊦┃☐
  		┗━━━━━┻━━━━━━━┻…┛
 1
  
 0
  
;    0   1   2   3   4   5   6   7   8  
;---------------------------------------------------------------------------------------------------------------
[correct]

[endmap]
;-------------------------------------------------------------------------------
; マップを開いた時に必ず実行されるスクリプト
[initial]

[endinitial]
;===============================================================================
;◆イベント◆

; 初期発生イベント
events = [1, 2]

;-------------------------------------------------------------------------------
*event_1
;[exp] onObjectTrigger

@se f=kacha
@wait time=800
@se f=fence
@switchfence map=ラドミラの塔18Ｆ x=3 y=6 way=n mode=open
@notice text="I heard a door open somewhere!"
@delevent

[eventoff]
;-------------------------------------------------------------------------------
*event_2
;[exp] onObjectTrigger

@notice text="Beyond the three-layered maze lies the strongest gatekeeper."

[eventoff]
;===============================================================================
