; ランドン渓谷

name = ランドン渓谷・崖上
insideName = Road
upper = ハーピーの山・中腹
lower = ランドン渓谷・谷底
level = 5
bgm = outdoor
isOutdoor = true
shadow = dark
sky = forest
roof = stone

; 画像パーツ
━ = soil
ᆖ = rock
－ = cliff
… = half
‥ = soil
　 = soil
☐ = soil
❖ = soil
〓 = wood
☷ = block
⏃ = woods
△ = rock
〰 = water
⑊ = door
☗ = gate
﹃ = ladder
︻ = panel
㊦ = ladderd
上 = ladderu
下 = ladderd
Ⓖ = warp
⑴ = bulletin
⑶ = fountain
⑸ = bulletin
⑹ = bulletin
⑻ = bulletin
⑾ = monument

; 敵情報
maxGroups = 2
monsters = スライム,コボルド,ローグ
traps = 石つぶて

; 移動ポイント
(A) = map:シーガルの村, enter:シーガルの村・北門, ask:Enter town?
(B) = map:サファイアシティ, enter:サファイアシティ・南西門, ask:Enter town?
(C) = map:ワイルドブルのアジト１Ｆ, x:4, y:0, way:n, symbol:cave, ask:Go to the dungeon?
(D) = map:コボルドの砦１Ｆ, x:4, y:0, way:n, symbol:cave, ask:Go to the dungeon?
(E) = x:29, y:71
(F) = x:28, y:9
(G) = map:コリンズの森, x:32, y:1

; 宝箱
box[1] = コンポジットボウ_u,ディテクトの魔法書_u,精霊の縫い糸,金貨（大）,金貨（大）
box[2] = エクストラヒールの魔法書,ブーメラン,プレートメイル・下,ジャンプの巻物,金貨（大）,金貨（大）
box[3] = 達人の棒_u,聖騎士の鎧・上_u,カマンベール,女の秘薬

[map]
;---------------------------------------------------------------------------------------------------------------
;    0   1   2   3   4   5   6   7   8   9  10  11  12  13  14  15  16  17  18  19  20  21  22  23  24  25  26  27  28  29  30  
  	ᆖᆖᆖᆖ⑊ᆖ︻ᆖᆖ																																	ᆖᆖᆖᆖᆖᆖ☗ᆖᆖᆖᆖᆖᆖ
79	⏃⏃　　Ⓒ　⑨⏃⏃																																	⏃⏃〰〰〰〰Ⓑ〰〰〰〰⏃⏃	⏃￤❖￤⏃
  	⏃⏃　　　　　⏃⏃																																	⏃⏃〰〰〰〰〓〰〰〰〰⏃⏃	⏃￤	￤⏃
78	⏃⏃　　⑩　　⏃⏃																	⏃⏃⏃⏃⏃⏃⏃									⏃⏃〰〰〰〰〓〰〰〰〰⏃⏃	⏃￤❖￤⏃
  	⏃⏃　　　　　⏃⏃																	⏃⏃⏃⏃⏃⏃⏃									⏃⏃〰〰〰〰〓〰〰〰〰⏃⏃	⏃￤	￤⏃
77	⏃⏃　　⑩　　⏃⏃			⏃⏃⏃⏃⏃⏃⏃⏃⏃⏃⏃⏃⏃⏃⏃⏃　　❶⏃⏃									⏃⏃〰〰〰〰〓〰〰〰〰⏃⏃	⏃￤❖￤⏃
  	⏃⏃⏃⏃⏆⏃⏃⏃⏃			⏃⏃⏃⏃⏃⏃⏃⏃⏃⏃⏃⏃⏃⏃⏃⏃　　　⏃⏃									⏃⏃〰〰〰〰〓〰〰〰〰⏃⏃	⏃￤	￤⏃
76	⏃⏃⏃⏃⏆⏃⏃⏃⏃			⏃⏃　⏆⏆⏆　　　　　　　⏆⏆⏆⑯　⑯⏃⏃									⏃⏃〰〰〰〰〓〰〰〰〰⏃⏃	⏃⏃⏃⏃⏃
  	⏃⏃⏃⏃⏆⏃⏃⏃⏃			⏃⏃　⏃⏃⏃⏃⏃⏃⏃⏃⏃⏃⏃⏃⏃⏃⏃⏃⏃⏃									⏃⏃〰〰〰〰〓〰〰〰〰⏃⏃
75			⏃⏃⏆⏃⏃					⏃⏃　⏃⏃⏃⏃⏃⏃⏃⏃⏃⏃⏃⏃⏃⏃⏃⏃⏃⏃									⏃⏃〰〰〰〰〓〰〰〰〰⏃⏃⏃⏃⏃⏃
  			⏃⏃⏆⏃⏃					⏃⏃　⏃⏃																									⏃⏃〰〰〰〰〓〰〰〰〰⏃⏃⏃⏃⏃⏃
74			⏃⏃　⏃⏃⏃⏃⏃⏃⏃⏃⏃　⏃⏃																									⏃⏃　　　　　　　　　　　　　⏃⏃
  			⏃⏃　⏃⏃⏃⏃⏃⏃⏃⏃⏃　⏃⏃																									⏃⏃⏃⏃　　　　　⏃⏃⏃⏃⏃　⏃⏃
73			⏃⏃　　　⏆⏆⏆⏆⏆　　　⏃⏃																									⏃⏃⏃⏃⑻　　　　⏃⏃⏃⏃⏃　⏃⏃⏃⏃
  			⏃⏃⏃⏃⏃⏃⏃⏃⏃⏃⏃⏃　⏃⏃						┏ᆖᆖᆖᆖᆖᆖᆖᆖᆖᆖᆖᆖᆖ┓						⏃⏃　　　　　⏃⏃	⏃⏃　⏃⏃⏃⏃
72			⏃⏃⏃⏃⏃⏃⏃⏃⏃⏃⏃⏃　⏃⏃						‖⑦　　　　　　　　　　　　‖						⏃⏃　　　　　⏃⏃	⏃⏃　　　⏃⏃
  													⏃⏃　⏃⏃						‖　　　┏ᆖᆖᆖᆖᆖᆖᆖ┓　‖						⏃⏃⏃⏃　⏃⏃⏃⏃	⏃⏃　　　⏃⏃
71													⏃⏃　⏃⏃						‖　　⑦‖							‖　‖						⏃⏃⏃⏃　⏃⏃⏃⏃	⏃⏃　　　⏃⏃
  													⏃⏃　⏃⏃						‖　　　‖							‖　‖						⏃⏃⏃⏃　⏃⏃			⏃⏃⏃⏃⏃⏃⏃
70													⏃⏃　⏃⏃						‖⑦　　‖							‖　‖				⏃⏃⏃⏃　　　⏃⏃			⏃⏃⏃⏃⏃⏃⏃
  													⏃⏃　⏃⏃						‖　　　‖							‖　‖				⏃⏃⏃⏃　　　⏃⏃
69													⏃⏃　⏃⏃						‖　　⑦‖							‖　‖	‖⏃⏃⏃⏃　　　　　⏃⏃
  													⏃⏃　⏃⏃						‖　　　‖							‖　┗ᆖ┛⏃⏃⏃⏃　　　　　⏃⏃
68													⏃⏃　⏃⏃⏃⏃				‖⑦　　‖							‖　　　　　　　　　　　　　⏃⏃
  													⏃⏃　⏃⏃⏃⏃				‖　　　‖							‖　　　　　　　　　⏃⏃⏃　⏃⏃
67													⏃⏃⑮　⑮⏃⏃				‖　　⑦‖							‖⑹　　　　　　　　⏃⏃⏃⑭⏃⏃⏃⏃⏃⏃
  													⏃⏃　　　⏃⏃				‖　　　‖							┗ᆖᆖᆖ┓⏃⏃⏃⏃⏃⏃⏃⏃〰⏃⏃⏃⏃⏃⏃
66													⏃⏃⑮　⑮⏃⏃				‖⑦　　‖											‖⏃⏃⏃⏃⏃⏃⏃⏃〰〰　　　⏃⏃
  													⏃⏃⏃⏃　⏃⏃				‖　　　‖																		⏃⏃〰〰〰〰〰⏃⏃
65													⏃⏃⏃⏃　⏃⏃				‖　　⑦‖																		⏃⏃〰〰〰〰〰⏃⏃
  															⏃⏃⏆⏃⏃				‖　　　‖																		⏃⏃⏃⏃⏃⏃⏃⏃⏃
64															⏃⏃⏆⏃⏃				‖⑦　　‖																		⏃⏃⏃⏃⏃⏃⏃⏃⏃
  															⏃⏃⏆⏃⏃				‖　　　‖
63															⏃⏃⏆⏃⏃				‖　　⑦‖
  															⏃⏃⏆⏃⏃				‖　　　‖
62															⏃⏃　⏃⏃				‖⑦　　‖
  															⏃⏃　⏃⏃				‖　　　‖
61															⏃⏃　⏃⏃				‖　　⑦‖														⏃⏃⏃⏃⏃⏃⏃
  															⏃⏃　⏃⏃			ᆖ┛　　　┗ᆖ													⏃⏃⏃⏃⏃⏃⏃
60															⏃⏃　⏃⏃⏃⏃⏃⏃⏃⑦　　⏃⏃⏃⏃⏃⏃⏃⏃⏃⏃⏃⏃⏃⏃⏃⏃⏃　　　⏃⏃
  															⏃⏃〰⏃⏃⏃⏃⏃⏃⏃　　　⏃⏃⏃⏃⏃⏃⏃⏃⏃⏃⏃⏃⏃⏃⏃⏃⏃　　　⏃⏃
59					❖									⏃⏃〰〰　　　⏆⏆⏆　　⑦⏆⏆⏆　　　　　　　　　　　〰〰〰　　❷⏃⏃
  	ᆖᆖᆖᆖ☗ᆖᆖᆖᆖ					⏃⏃⏃⏃⏃⏃⏃⏃⏃⏃　　　⏃⏃⏃⏃⏃⏃⏃⏃⏃⏃⏃⏃⏃⏃⏃⏃⏃　　　⏃⏃
58	⏃⏃　　Ⓓ　　⏃⏃					⏃⏃⏃⏃⏃⏃⏃⏃⏃⏃⑦　　⏃⏃⏃⏃⏃⏃⏃⏃⏃⏃⏃⏃⏃⏃⏃⏃⏃　　　⏃⏃
  	⏃⏃　　　　　⏃⏃													ᆖ┓　　　┏ᆖ													⏃⏃⏃⏃⏃⏃⏃
57	⏃⏃　　　　　⏃⏃														‖　　⑦‖														⏃⏃⏃⏃⏃⏃⏃
  	⏃⏃　　　　　⏃⏃														‖　　　‖
56	⏃⏃　　　　　⏃⏃														‖⑦　　‖
  	⏃⏃⏃⏃⏆⏃⏃⏃⏃														‖　　　‖
55	⏃⏃⏃⏃⏆⏃⏃⏃⏃														‖　　⑦‖
  			⏃⏃⏆⏃⏃																‖　　　┗ᆖᆖᆖᆖᆖᆖᆖᆖᆖᆖᆖᆖᆖᆖᆖᆖᆖ┓
54			⏃⏃⏆⏃⏃																‖⑦　　　⑦　　　⑦　　　⑦　　　⑦　　　⑦‖
  			⏃⏃⏆⏃⏃																┗ᆖᆖᆖᆖᆖᆖᆖᆖᆖᆖᆖᆖᆖᆖᆖᆖᆖᆖᆖ┓　‖
53			⏃⏃　⏃⏃																																				‖　‖
  			⏃⏃　⏃⏃																																				‖　‖
52			⏃⏃⑫⏃⏃																																				‖　‖
  			⏃⏃　⏃⏃																																				‖　‖
51			⏃⏃⑫⏃⏃																																				‖　‖
  			⏃⏃　⏃⏃																																				‖　‖
50			⏃⏃　⏃⏃																																				‖　‖
  			⏃⏃　⏃⏃																																				‖　‖
49			⏃⏃　⏃⏃											⏃⏃⏃⏃⏃⏃⏃⏃⏃																‖　‖
  			⏃⏃⏆⏃⏃											⏃⏃⏃⏃⏃⏃⏃⏃⏃																‖　┗ᆖ┓
48			⏃⏃⏆⏃⏃⏃⏃⏃⏃⏃⏃⏃⏃⏃⏃⏃⏃⏃　　　　　⏃⏃⏃⏃⏃⏃⏃⏃⏃⏃⏃⏃⏃⏃‖			‖　　⑹‖
  			⏃⏃⏆⏃⏃⏃⏃⏃⏃⏃⏃⏃⏃⏃⏃⏃⏃⏃　　　　　⏃⏃⏃⏃⏃⏃⏃⏃⏃⏃⏃⏃⏃⏃┗ᆖᆖᆖ┛　　　‖
47			⏃⏃　　　　　　　　　　　　　　　　　　⑸　　　　　　　　　　　　　　　　　　　　　　　　‖
  			⏃⏃⏃⏃⏃⏃⏃⏃⏃⏃⏃⏃⏃⏃⏃⏃⏃⏃　　　　　⏃⏃⏃⏃⏃⏃⏃⏃⏃⏃⏃⏃⏃⏃┏ᆖᆖᆖᆖᆖᆖᆖ┛
46			⏃⏃⏃⏃⏃⏃⏃⏃⏃⏃⏃⏃⏃⏃⏃⏃⏃⏃　　　　　⏃⏃⏃⏃⏃⏃⏃⏃⏃⏃⏃⏃⏃⏃‖
  																			⏃⏃⏃⏃　　　⏃⏃
45																			⏃⏃⏃⏃　　　⏃⏃
  																			⏃⏃⏃⏃　　　⏃⏃
44																	⏃⏃⏃⏃　　　　　⏃⏃⏃⏃
  																	⏃⏃⏃⏃〰〰〓〰〰⏃⏃⏃⏃
43															⏃⏃⏃⏃〰〰〰〰〓〰〰〰〰⏃⏃
  															⏃⏃⏃⏃〰〰〰〰〓〰〰〰〰⏃⏃
42															⏃⏃〰〰〰〰〰〰〓〰〰〰〰⏃⏃⏃⏃
  															⏃⏃〰〰〰〰〰〰〰〰〰〰〰⏃⏃⏃⏃
41															⏃⏃〰〰〰〰〰〰〰〰〰〰〰〰〰⏃⏃⏃⏃
  															⏃⏃〰〰〰〰〰〰〰〰〰〰〰〰〰⏃⏃⏃⏃
40															⏃⏃〰〰〰〰〰〰④〰〰〰〰〰〰〰〰⏃⏃⏃⏃⏃⏃⏃⏃⏃⏃⏃⏃⏃⏃⏃⏃⏃⏃⏃⏃⏃⏃⏃⏃⏃⏃⏃⏃
  															⏃⏃⏃⏃〰〰〰〰〓〰〰〰〰〰〰〰〰⏃⏃⏃⏃⏃⏃⏃⏃⏃⏃⏃⏃⏃⏃⏃⏃⏃⏃⏃⏃⏃⏃⏃⏃⏃⏃⏃⏃
39															⏃⏃⏃⏃〰〰〰〰〓〰〰〰〰〰〰〰　⏆⏆⏆　　　　　　　　　　　　　　　　　　　　　　　⏃⏃
  																	⏃⏃〰〰〰〰〓⏃⏃⏃⏃⏃⏃⏃⏃⏃⏃⏃⏃⏃⏃⏃⏃⏃⏃⏃⏃⏃⏃⏃⏃⏃⏃⏃⏃⏃⏃⏃　　　⏃⏃
38											⏃⏃⏃⏃⏃⏃⏃⏃⏃⏃　　　⏃⏃⏃⏃⏃⏃⏃⏃⏃⏃⏃⏃⏃⏃⏃⏃⏃⏃⏃⏃⏃⏃⏃⏃⏃⏃⏃⏃⏃⏃⏃　　　⏃⏃
  											⏃⏃⏃⏃⏃⏃⏃⏃⏃⏃　　　⏃⏃																											⏃⏃⏃⏃　⏃⏃
37											⏃⏃　　　　　　　　　　　⏃⏃																											⏃⏃⏃⏃　⏃⏃
  											⏃⏃　⏃⏃⏃⏃⏃⏃⏃⏃⏃⏃⏃⏃																													⏃⏃　⏃⏃
36											⏃⏃　⏃⏃⏃⏃⏃⏃⏃⏃⏃⏃⏃⏃																													⏃⏃　⏃⏃
  											⏃⏃　⏃⏃																																							⏃⏃　⏃⏃
35											⏃⏃　⏃⏃	⏃⏃⏃⏃⏃⏃⏃⏃⏃⏃⏃⏃⏃⏃⏃⏃⏃																					⏃⏃　⏃⏃
  											⏃⏃　⏃⏃	⏃⏃⏃⏃⏃⏃⏃⏃⏃⏃⏃⏃⏃⏃⏃⏃⏃																					⏃⏃　⏃⏃
34											⏃⏃　⏃⏃	⏃⏃													⏃⏃																					⏃⏃　⏃⏃
  											⏃⏃　⏃⏃	⏃⏃													⏃⏃																					⏃⏃　⏃⏃
33											⏃⏃　⏃⏃⏃⏃⏃													⏃⏃⏃⏃⏃⏃⏃⏃⏃⏃‖												⏃⏃　⏃⏃⏃⏃
  											⏃⏃　⏃⏃⏃⏃⏃													⏃⏃⏃⏃⏃⏃⏃⏃⏃⏃‖												⏃⏃　⏃⏃⏃⏃
32											⏃⏃　　　　　　〓〓〓〓〓〓〓〓〓〓〓〓〓〓　　　　　　　　　‖												⏃⏃　　　⏃⏃
  											⏃⏃⏃⏃⏃⏃⏃⏃																				　　　‖												⏃⏃　　　⏃⏃
31											⏃⏃⏃⏃⏃⏃⏃⏃																				　　　‖												⏃⏃　　❸⏃⏃
  																	⏃⏃																				　　　‖												⏃⏃⏃⏃⏃⏃⏃
30																	⏃⏃																				　　　‖												⏃⏃⏃⏃⏃⏃⏃
  																	⏃⏃																				　┏ᆖ┛
29																	⏃⏃																				　‖
  																																							　‖
28																																	　　　　　　　‖
  																																	　┏ᆖᆖᆖᆖᆖ┛
27																																	　‖
  																																	　‖			┏ᆖᆖᆖᆖᆖᆖᆖᆖᆖ┓
26																																	　‖			‖　　　　〓　　　　‖
  																																	　‖			‖　							　‖
25																																	　‖			‖　							　‖
  																																	　┗ᆖᆖᆖ┛　							　‖
24																																	　　　　　　　							　‖
  																																															　┗ᆖᆖᆖᆖᆖ┓
23																																															　　　　　　　‖
  																																																					　‖
22																									☷┃																										　‖
  																										┃																										　‖
21									⏃⏃⏃⏃⏃⏃⏃⏃⏃⏃⏃┃☷	☷	☷┃																										　‖
  									⏃⏃⏃⏃⏃⏃⏃⏃⏃⏃⏃┗━━━━━┛																										　‖
20							⏃⏃⏃⏃　　　　　　　　　																																	　‖
  							⏃⏃⏃⏃　　　　　　　　　																																	　┗ᆖᆖᆖᆖᆖ┓
19					⏃⏃⏃⏃　　　　　　　　　　　																																	　　　　　　　‖
  					⏃⏃⏃⏃　　　　　　　　　　　																																	⏃⏃　　　　　‖
18			⏃⏃⏃⏃　　　　　　　　　　　　　　　　　　　																											⏃⏃　　　　　‖
  			⏃⏃⏃⏃　　　┏‥‥‥‥‥‥‥‥‥‥‥‥‥┓　																											⏃⏃⏃⏃　　　‖
17			⏃⏃　　　　　：☷	☷	☷	☷	☷	☷	☷：　																											⏃⏃⏃⏃　　　‖
  			⏃⏃　　　　　：													：　																															　　　‖
16	⏃⏃⏃⏃　　　　　：☷					☷					☷：　																															　　　‖
  	⏃⏃⏃⏃　　　┏‥┛					┏﹃┓					：　																															　　　‖
15	⏃⏃　　　　　：☷					☷：　：☷			☷：　																															　　　‖
  	⏃⏃　　　　　：							：　：					：　																															　　　‖
14	⏃⏃　　　　　：☷	☷			☷：　：☷	☷	☷：　　　																													　　　‖
  	⏃⏃⏃⏃　　　┗‥‥‥┓			：　┗‥‥‥‥‥┛　　　																													　　　‖
13	⏃⏃⏃⏃　　　　　　　：☷	☷：　　　　　　　　　　　																													　　　‖
  			⏃⏃⏃⏃　　　　　：			┗‥‥‥‥‥‥‥‥‥‥‥┓																												　　　‖
12			⏃⏃⏃⏃　　　　　：☷			☷	☷	☷	☷	☷	☷┃																								⑾			　　　‖
  					⏃⏃　　　　　：			┏－－－－－－－┓			┃																												　　　‖
11			⏃⏃⏃⏃　　　　　：☷		ⅼ							ⅼ		☷┃																												　　　‖
  			⏃⏃⏃⏃　　　┏‥┛			ⅼ							ⅼ			┗━┓																										　　　‖
10			⏃⏃　　　　　：☷				ⅼ							ⅼ				☷┃																						　　　　　　　‖
  			⏃⏃　　　　　：					ⅼ							┗━┓			┗━━━━━┓																　　　　　　　┗ᆖ
 9			⏃⏃　　　　　：☷	☷		ⅼ									ⅼ				☷	☷	☷┃																　　　　　　　⏃⏃
  			⏃⏃⏃⏃　　　┗‥‥‥┓	┗－－－－－－－－－┛					┏━━━┛																　⏃⏃⏃⏃⏃　⏃⏃
 8			⏃⏃⏃⏃　　　　　　　：☷	☷	☷	☷	☷	☷	☷	☷	☷┃																				　⏃⏃⏃⏃⏃　⏃⏃
  					⏃⏃　　　　　　　┗‥‥‥‥‥‥‥‥‥‥‥‥‥‥‥‥‥┛																				　⏃⏃	⏃⏃　⏃⏃
 7					⏃⏃　　　　　　　　　　　　　　　　　　　　　　　　　																					　⏃⏃⏃⏃⏃　⏃⏃
  					⏃⏃⏃⏃⏃⏃　　　　　　　　　　　　　　　　　　　　　																					　⏃⏃⏃⏃⏃　⏃⏃
 6					⏃⏃⏃⏃⏃⏃　　　　　　　　　　　　　　　　　　　　　																					　⏃⏃⏃⑶　　⏃⏃
  							━┓																																												　⏃⏃⏃　　　⏃⏃
 5							☷┃																																						　　　　　　　⏃⏃⏃　　　⏃⏃
  								┃																																						　⏃⏃⏃⏃⏃⏃⏃⏃⏃　　　⏃⏃
 4							☷┃																												　　　　　　　　　　　⏃⏃⏃⏃⏃⏃⏃⏃⏃　　　⏃⏃
  								┃																												　　　　　　　　　　　⏃⏃					⏃⏃　　　⏃⏃
 3							☷┃																												　　　　　　　　　　　⏃⏃					⏃⏃　　　⏃⏃
  								┗━━━━━━━━━━━━━━━━━┓									┏ᆖᆖᆖᆖᆖᆖᆖᆖᆖᆖᆖᆖᆖ					⏃⏃　　　⏃⏃
 2									☷	☷	☷	☷	☷	☷	☷	☷	☷┃									‖☷	☷	☷	☷	☷	☷							⏃⏃⑴　　⏃⏃
  								┏━━━━━━━━━━━━━┓			┃⏃⏃⏃⏃⏃⏃⏃⏃⏃‖	┏━━━━━━━━━┓						⏃⏃⏃⏃　⏃⏃
 1							☷┃下☐☐☐☐☐☐☐☐☐☐☐上┃☷		┃⏃⏃⏃⏃⏃⏃⏃⏃⏃‖☷┃上☐☐☐☐☐☐☐下┃☷					⏃⏃⏃⏃②⏃⏃
  								┗━━━━━━━━━━━━━┛															┗━━━━━━━━━┛								⏃￤　￤⏃
 0					☷	☷	☷	☷	☷	☷	☷	☷	☷																	☷	☷	☷	☷	☷	❖	❖	❖			⏃￤Ⓐ￤⏃
  
;    0   1   2   3   4   5   6   7   8   9  10  11  12  13  14  15  16  17  18  19  20  21  22  23  24  25  26  27  28  29  30  
;---------------------------------------------------------------------------------------------------------------
[correct]

for(var i = 0; i <= 4; i++) pos[i][79].n.img = "wood_h";
for(var i = 0; i <= 4; i++) pos[i][58].n.img = "stone_h";
for(var i = 21; i <= 27; i++) pos[i][79].n.img = "stone";
pos[24][79].n.img = "stone";
pos[24][79].f.img = "wood";
pos[24][79].f.icon = 7;
pos[11][40].f.img = "wood";
pos[11][40].f.icon = 7;
pos[2][58].event = pos[2][79].event = 13;

[endmap]
;-------------------------------------------------------------------------------
; マップを開いた時に必ず実行されるスクリプト
[initial]

if(game.party.curX <= 16 && game.party.curY <= 20)
{
	monsters = [m.ハーピー];
	battleRate = 0.05;
}
else
{
	monsters = [m.スライム, m.オーク, m.ジャイアントバット, m.巨大ぐも, m.ローグ];
	battleRate = 0.005;
}
if(! loading) events.push2(15, 16);

[endinitial]
;===============================================================================
;◆イベント◆

; 初期発生イベント
events = [1, 3, 5, 6, 8, 9, 10, 11, 15, 16]

;-------------------------------------------------------------------------------
*event_1
;[exp] onObjectTrigger

@notice text="Seagull Village"

[eventoff]
;-------------------------------------------------------------------------------
*event_2
;[exp] true

@delevent
@jump storage="main03.scn" target=*trip_4

[eventoff]
;-------------------------------------------------------------------------------
*event_3
;[exp] onObjectTrigger

@question title="<y>Will you drink water from the gushing spring?" cancel=true
[if exp='tf.result']
	[if exp='f.fountainForOpeningEvent']
		@eval exp='o.噴水.doDamage = o.グランドヒール.doDamage'
		@eval exp='o.噴水.resultMessage = o.グランドヒール.resultMessage'
		@btcmd name=噴水
		@notice text="Party's HP restored!"
	[else]
		@notice text="I tried drinking it, but it was just water."
	[endif]
[endif]

[eventoff]
;-------------------------------------------------------------------------------
*event_4
;[exp] true

@delevent
@jump storage="main03.scn" target=*trip_5

[eventoff]
;-------------------------------------------------------------------------------
*event_5
;[exp] onObjectTrigger

@roadguide e="Sapphire City" s="Seagull Village"

[eventoff]
;-------------------------------------------------------------------------------
*event_6
;[exp] onObjectTrigger

@notice text="Be careful of bandits on the mountain pass ahead!"

[eventoff]
;-------------------------------------------------------------------------------
*event_7
;[exp] ! game.protectHeroines && o.ワイルド・ブル.interruption == 0 && random < 0.1

; ワイルド・ブルとの決闘
@jump storage="duel.ks" target=*wildbull_encounter

[eventoff]
;-------------------------------------------------------------------------------
*event_8
;[exp] onObjectTrigger

@notice text="Welcome to Sapphire City!"

[eventoff]
;-------------------------------------------------------------------------------
*event_9
;[exp] onObjectTrigger

@notice text="Wild Bull's Mansion"

[eventoff]
;-------------------------------------------------------------------------------
*event_10
;[exp] true

@delevent
@eval exp='o.ワイルド・ブルのアジトを探せ.flag ++'
@wait time=500 cond='WAY != "n"'
@walk turn=n cond='WAY != "n"'
@wait time=500
[texton]
[リーダー f=05]「This is...!」[k]
Deep in the woods stood a magnificent mansion. The sign posted on it read "Wild Bull's Mansion".[k]
[if exp='! game.isFreeMode']
	[テオ f=06]「Alex...! Their hideout is in a place like this...!」[k]
[endif]
Alex and his gang must be using this place as a base to do all sorts of evil.[k]
[textoff]
@se f=period
@notice text="<y>Found one Wild Bull hideout."

[eventoff]
;-------------------------------------------------------------------------------
*event_11
;[exp] onObjectTrigger

@question title="There is a stone monument. Would you like to touch it?"
[eventoff cond='! tf.result']
@se f=period
@eval exp='o.ランドン渓谷・崖上.setWarp(28, 9, "E", "warp")'
@eval exp='o.ランドン渓谷・崖上.setWarp(29, 71, "F", "warp")'
@delevent

[eventoff]
;-------------------------------------------------------------------------------
*event_12
;[exp] true

; ホーク・ウイングメンバーの襲撃
@delevent
@delevent num=13
@delevent num=14
@jump storage="main05.scn" target=*kobold_5

[eventoff]
;-------------------------------------------------------------------------------
*event_13
;[exp] party.lastIsMove

; イベント時の移動制限。ダンジョンに入れないようにする
[texton]
[テオ f=06]「We should go somewhere else.」[k]
[textoff]
@walk move=s

[eventoff]
;-------------------------------------------------------------------------------
*event_14
;[exp] party.lastIsMove && map.pos[26][66].f.warp !== void

; イベント時の移動制限。ダンジョンに入れないようにする
[texton]
[テオ f=06]「We should go somewhere else.」[k]
[textoff]
@walk move=n

[eventoff]
;-------------------------------------------------------------------------------
*event_15
;[exp] true

@monster pos=1 name=バルキリー naked=1
@monster pos=3 name=バルキリー naked=1
@monster pos=5 name=バルキリー naked=1
@monster pos=9 name=ウィッチ naked=1
@monster pos=11 name=ウィッチ naked=1
@callbattle normal=true

[eventoff]
;-------------------------------------------------------------------------------
*event_16
;[exp] true

@monster pos=1 name=ブレイズマン naked=1
@monster pos=3 name=ブレイズマン naked=1
@monster pos=5 name=ブレイズマン naked=1
@monster pos=9 name=シューター naked=1
@monster pos=11 name=シューター naked=1
@callbattle normal=true

[eventoff]
;-------------------------------------------------------------------------------
