; ランドン渓谷

name = 谷底の洞窟
insideName = Cave
upper = ランドン渓谷・谷底
level = 20
bgm = anxiety
margin = 1
isOutdoor = true
shadow = dark
sky = black
roof = black
outfield = soil
blank = rock
blind = darkness

; 各パーツ
━ = soil_h
　 = soil
毒 = poison
〰 = water
／ = door
⧻ = fence
┯ = button
㊤ = ladderl

; 敵情報
maxGroups = 2
monsters = 猛毒ぐも,砂ぐも,毒トカゲ,サラマンダー,モンストラスバット,バンパイアバット
traps = 毒ガス,毒針,媚薬の霧,しびれ針,酸スプレー,ラミアの瞳

; 宝箱
box[1] = 鍵付き宝箱,スターカード・魔法陣
box[2] = 復活の粉,ミスリルの砂,達人の棒_u,達人の小手_u

[map]
;---------------------------------------------------------------------------------------------------------------
;    0   1   2   3   4   5   6   7   8   9  10  11  12  13  14  15  16  17  
  ┏━━━━━━━┓																							┏━━━┓
16┃　　　〰〰〰　┃																							┃　　㊤┃
  ┃　　　〰〰〰　┗━━━━━━━━━━━┓											┃　　　┃
15┃　　　〰〰〰①　　　　　　　　　　　　┃											┃　　毒┃
  ┃　　　〰〰〰　┏━━━━━━━━━┓　┃											┃　┏━┛
14┠②　　〰〰〰　┃									┃　┃											┃　┃
 	┗━━━━━━━┛									┃　┃	┏━━━┓					┃　┃
13																		┃　┃	┃〰〰　┃					┃　┃
  																┏━┛　┃	┃〰〰　┗━━━━━┛　┃
12																┃　　　┃	┃〰〰敵　　　　　　　　┃
  				┏━━━┓	┏━━━━━┛　〰〰┃	┃〰〰　┏━━━━━┓　┃
11				┃　　　┃	┃　　　　　　敵〰〰┃	┃〰〰　┃					┃　┃
  				┃　　　┃	┃　┏━━━━━━━┛	┗━━━┛					┃　┃
10				┃敵　　┃	┃　┃																			┃　┃
  				┃　┏━┛	┃　┃	┏━━━━━━━━━┓							┃　┃
 9				┃　┃			┃　┃	┃❶　　　　　　　❷┃							┃　┃
  				┃　┃			┃　┃	┃　　　　　　　　　┃	┏━━━━━┛　┃
 8				┃　┃			┃　┃	┃　　　　　　　　　┃	┃　　　　　　　┃
  				┃　┃			┃　┃	┗━━━┳⧻┳━━━┛	┃　〰〰〰〰〰〰┃
 7				┃　┃			┃　┃					┃　┃					┃　〰〰〰〰〰〰┃
  				┃　┗━━━┛　┗━━━━━┛　┗━━━━━┛　〰〰┏━━━┛
 6				┃　　　　　　　　　　　　　　　　　　　　　　　〰〰┃
  				┗━━━┓　　　　　┏━━━━━━━┓　┏━━━━━┛
 5								┃　　毒　　┃							┃　┃
  		┏━━━━━┛　　　┏━┛			┏━━━┛　┃
 4		┃　　　　　　　　　┃					┃　　敵　　┃
  		┃　┏━━━━━━━┛					┃　　　┏━┛
 3		┃　┃													┃　　毒┃
  		┃　┃													┗━━━┛
 2		┃　┃
  ┏━┛　┃
 1┃　　　┃
  ┃　　　┃
 0┃㊤　毒┃
  ┗━━━┛
;    0   1   2   3   4   5   6   7   8   9  10  11  12  13  14  15  16  17  
;---------------------------------------------------------------------------------------------------------------
[correct]

[endmap]
;-------------------------------------------------------------------------------
; マップを開いた時に必ず実行されるスクリプト
[initial]

[endinitial]
;===============================================================================
;◆イベント◆

; 初期発生イベント
events = [1, 2]

;-------------------------------------------------------------------------------
*event_1
;[exp] party.lastIsMove

@monster pos=3 name=ケイブジャイアント
@callbattle
@delevent

[eventoff]
;-------------------------------------------------------------------------------
*event_2
;[exp] onObjectTrigger

@se f=kacha
@wait time=800
@se f=fence
@switchfence x=9 y=7 way=n mode=open
@wait time=1000
@notice text="I heard a door open somewhere!"
@delevent

[eventoff]
;===============================================================================
