; 火山島

name = 火山島Ｂ５
insideName = Ｂ５
upper = 火山島Ｂ４
lower = 火山島Ｂ６
level = 44
bgm = volcano
shadow = dark
sky = black
roof = stone
outfield = soil
blank = rock

; 各パーツ
━ = soil
　 = soil
♨ = lava
☁ = smoke
♜ = upstair
☗ = downstair
㊤ = ladderl
㊦ = ladderd
⑴ = bulletin
⑵ = br_pie

; 敵情報
monsters = 怒りの霊魂,サラマンダー,レブナント,サイクロプス
traps = 毒ガス,毒針,媚薬の霧,しびれ針,酸スプレー,ラミアの瞳

; 移動ポイント
(A) = map:火山島Ｂ４, x:1, y:6, symbol:upstair, ask:There are stairs leading up. Would you like to climb the stairs?
(B) = map:火山島Ｂ６, x:1, y:17, symbol:downstair, ask:There are stairs leading down. Would you like to go down the stairs?

; 宝箱
box[1] = 女傑の鎧・上_u,魔女のビキニ・上,魔女のビキニ・下,マルチヒールの巻物,マルチヒールの巻物,金貨（小）

[map]
;---------------------------------------------------------------------------------------------------------------
;    0   1   2   3   4   5   6   7   8  
  				┏━━━━━┓			┏━━━┓
17				☗Ⓑ　　　　┃			┃❶　　┃
  				┗━┓　　　┗━┓	┃　　　┃
16						┃　　　　　┃	┃　　敵┃
  						┃♨♨　　　┃	┗━┓　┃
15						┃♨♨　　　┃			┃　┃
  ┏━━━┓	┃♨♨♨♨♨┗━┓	┃☁┃
14┃♨♨　┃	┃♨♨♨♨♨♨♨┃	┃☁┃
 	┃♨♨　┗━┛♨♨♨♨♨♨♨┃	┃☁┃
13┃♨♨敵　　♨♨♨　　　♨♨┃	┃☁┃
  ┃♨♨　┏━┓♨♨♨♨♨♨♨┃	┃☁┃
12┃♨♨　┃	┃♨♨♨♨♨♨♨┃	┃☁┃
  ┗━━━┛	┃♨♨♨♨♨♨♨┃	┃☁┃
11						┃♨♨　　　♨♨┃	┃☁┃
  ┏━━━┓	┃♨♨♨♨♨♨♨┃	┃☁┃
10┃♨♨　┃	┃♨♨♨♨♨♨♨┃	┃☁┃
  ┃♨♨　┗━┛♨♨♨♨♨♨♨┃	┃☁┃
 9┃♨♨敵　　♨♨♨　　　♨♨┃	┃　┃
  ┃♨♨　┏━┓♨♨♨♨♨♨♨┃	┃　┃
 8┃♨♨　┃	┃♨♨♨♨♨♨♨┃	┃　┃
  ┗━━━┛	┃♨♨♨♨♨♨♨┗━┛　┃
 7						┃♨♨　　　♨♨♨　　　┃
  						┃♨♨♨♨♨♨♨┏━┓　┃
 6						┃♨♨♨♨♨♨♨┃	┃　┃
  		┏♜┓	┃♨♨♨♨♨♨♨┃	┃　┃
 5		┃Ⓐ┃	┃♨♨　　　♨♨┃	┃　┃
  		┃　┃	┃♨♨♨♨♨♨♨┃	┃　┃
 4		┃　┃	┃♨♨♨♨♨♨♨┃	┃　┃
  		┃　┃	┃♨♨♨♨♨♨♨┃	┃　┃
 3		┃　┃	┃♨♨　　　♨♨┃	┃⑵┃
  		┃　┃	┗━┓　　　┏━┛	┗━┛
 2		┃　┃			┃　　　┃
  ┏━┛　┃			┃　　　┃	┏━━━┓
 1┃　　　┃			┃　　　┃	┃　　　┃
  ┃　　　┗━━━┛　　　┗━┛　　　┃
 0┃⑴　　　　　　　　　　　　　敵　　┃
  ┗━━━━━━━━━━━━━━━━━┛
;    0   1   2   3   4   5   6   7   8  
;---------------------------------------------------------------------------------------------------------------
[correct]

[endmap]
;-------------------------------------------------------------------------------
; マップを開いた時に必ず実行されるスクリプト
[initial]

[endinitial]
;===============================================================================
;◆イベント◆

; 初期発生イベント
events = [1, 2]

;-------------------------------------------------------------------------------
*event_1
;[exp] onObjectTrigger

@notice text="The heat damage from lava can't be prevented even if you float!"

[eventoff]
;-------------------------------------------------------------------------------
*event_2
;[exp] onObjectTrigger

@barrel
@damage v=&'game.curTarget.addParam("piety", 1)'
@notice text=&'"<p>" + game.curTarget.displayName + "<w> had Faith permanently increased by 1!"'

[eventoff]
;===============================================================================
