; 死の荒野

name = 死の荒野・水中
insideName = Underwater
upper =死の荒野
level = 30
bgm = desert
isOutdoor = true
underWater = true
roof = stone
shadow = dark
sky = deepwater
effect = PE_water_bubble

; 画像パーツ
━ = soil
－ = black
‥ = soil
　 = soil
☐ = soil
☖ = gate
Ⓐ = black
⒈ = br_maxhp

; 敵情報
maxGroups = 2
monsters = ブルースライム,アネモネ

; 移動ポイント
(A) = map:井戸・水路, x:0, y:1, stealth:true

; 宝箱
box[1] = 魔法の錠前,経験のコイン（大）,フェロモンの粉_u,背徳の鎧・上_u,金のアンク_u

[map]
;---------------------------------------------------------------------------------------------------------------
;    0   1   2   3   4   5   6  
  		┏－┓
17		ⅼⒶⅼ
  		┣☖┫
16		┃　┃
  		┃　┃
15		┃　┃
  		┃　┃
14		┃　┃
  		┣‥┻	
13		┃				
  		┗━━━		┏━━━━━┓
12								：　　　　　┃
  								┗‥‥‥‥‥┛
11
  ┏━━━┓
10┃⒈☐☐┃
  ┃☐☐☐┃
 9┃☐☐Ｅ┃
  ┗━┓☐┃
 8		┃☐┃
  		┃☐┃					┏‥‥‥┓
 7		┃☐┃					：　　　┃
  		┃☐┗━┓			：　┏━┛
 6		┃☐☐☐┃			：　┃
  		┗━┓☐┃			┣☖┫
 5				┃☐┃			┃☐┃
  				┃☐┗━━━┛☐┃
 4				┃☐☐☐☐☐☐☐┃
  				┗━━━━━━━┛
 3
  
 2
  				┏‥‥‥‥‥┓
 1				┃　　　　　┃
  				┃　　　　　┃
 0				┃　　❶　　┃
  				┗━━━━━┛
;    0   1   2   3   4   5   6  
;---------------------------------------------------------------------------------------------------------------
[correct]

[endmap]
;-------------------------------------------------------------------------------
; マップを開いた時に必ず実行されるスクリプト
[initial]

[endinitial]
;===============================================================================
;◆イベント◆

; 初期発生イベント
events = [1]

;-------------------------------------------------------------------------------
*event_1
;[exp] onObjectTrigger

@barrel
@damage v=&'game.curTarget.addParam("maxLife", 30)'
@notice text=&'"<p>" + game.curTarget.displayName + "<w> had maximum HP permanently increased by 30!"'

[eventoff]
;-------------------------------------------------------------------------------
