＜全体マップ＞


																											フーラ雪原・北・氷の池・山奥
																																・鉱山
																																		｜
																																		｜
																																		｜
																														【ノースロップ村】
																																		｜
																																		｜
																																		｜
																															フーラ雪原・南
																																・牢獄
																																		｜
																																		｜
																																		｜
											デールコインの森													ヤネクの森――――――霧の谷
											・ポラリスの神殿													・伯爵の屋敷						｜
														｜																	・温泉									｜
														｜																	・オークの巣穴					｜
														｜																			｜								神の山
														｜																			｜
														└―――――――┐				┌――――――┘
																						｜				｜
																						｜				｜
																				【サファイアシティ】・下水道
																						｜				｜		・ホテルの地下
																						｜				｜
														┌―――――――┘				└――――――┐
														｜																			｜
														｜																ペンスキー峠――――――高台
											ランドン渓谷											Wild Bull's Hideout 2
											・コボルドの砦																｜
											・古代の迷宮																	｜
											・ハーピーの山																｜
											Wild Bull's Hideout 1				モイーズ湿地帯・果樹園
											・ノームの洞窟													・蜂の巣
														｜																			｜
														｜																			｜
														｜																			｜
											【シーガルの村】―――――――――モイーズ湿地帯・西――┐
														｜																・水の宮殿			｜
														｜																								｜
														｜																								｜
	大峡谷―――――――コリンズの森																		モイーズ湿地帯・東
・ラドミラの塔				・森の城塞																				・沼地の廃墟
											・試練の迷宮																			・水竜の神殿
											・魔女の隠れ家																					｜
											・愚者の倉庫																						｜
											・アマゾネスの砦																				｜
														｜																						死霊の森
														｜																						・常闇の城
														｜																								｜
										【ブレイブタウン】																				｜
											・森の中の廃屋																					｜
											・町外れの遺跡																			死者の沼
														｜
														｜
														｜
												エミール平原
										・ワイルド・ブルのアジト３
														｜
														｜
														｜
	火山島―――――――――海岸――――――――――――タルハ砂漠
												・大洞窟											・王の墓
												※【地下の町】								・砂漠の民のほこら
														｜												・縦穴
														｜														｜
														｜														｜
													霧の島													｜
												・岬の洞窟								【ダストウェルの町】
																													｜
																													｜
																													｜
																												死の荒野
